  GEN     /home/nian/CherryS-AOSP/out/SC03E/AOSP/obj/Makefile
  CHK     include/linux/version.h
  HOSTCC  scripts/basic/fixdep
  Using /home/nian/CherryS-AOSP as source for kernel
  CHK     include/generated/utsrelease.h
  UPD     include/generated/utsrelease.h
  HOSTCC  scripts/kallsyms
  HOSTCC  scripts/bin2c
  HOSTCC  scripts/conmakehash
  HOSTCC  scripts/mod/mk_elfconfig
  CC      scripts/mod/empty.o
  HOSTCC  scripts/genksyms/genksyms.o
  SHIPPED scripts/genksyms/lex.c
  SHIPPED scripts/genksyms/parse.h
  SHIPPED scripts/genksyms/keywords.c
  SHIPPED scripts/genksyms/parse.c
  HOSTCC  scripts/selinux/mdp/mdp
  HOSTCC  scripts/genksyms/lex.o
  HOSTCC  scripts/selinux/genheaders/genheaders
  HOSTCC  scripts/genksyms/parse.o
  Generating include/generated/mach-types.h
  CC      kernel/bounds.s
  MKELF   scripts/mod/elfconfig.h
  HOSTCC  scripts/mod/file2alias.o
  HOSTCC  scripts/mod/modpost.o
  HOSTCC  scripts/mod/sumversion.o
  GEN     include/generated/bounds.h
  CC      arch/arm/kernel/asm-offsets.s
  HOSTLD  scripts/genksyms/genksyms
  HOSTLD  scripts/mod/modpost
  GEN     include/generated/asm-offsets.h
  CALL    /home/nian/CherryS-AOSP/scripts/checksyscalls.sh
  CHK     include/generated/compile.h
  CC      init/main.o
  CC      init/do_mounts.o
  CC      init/do_mounts_rd.o
  HOSTCC  usr/gen_init_cpio
  CC      init/do_mounts_initrd.o
  CC      init/initramfs.o
  CC      init/calibrate.o
  CC      arch/arm/vfp/vfpmodule.o
  AS      arch/arm/vfp/entry.o
  CC      arch/arm/kernel/elf.o
  UPD     include/generated/compile.h
  LD      arch/arm/mvp/commkm/built-in.o
  CC      arch/arm/mm/extable.o
  CC [M]  arch/arm/mvp/commkm/check_kconfig.o
  CC      init/version.o
  CC [M]  arch/arm/mvp/commkm/comm_ev_kernel.o
  AS      arch/arm/vfp/vfphw.o
  GEN     usr/initramfs_data.cpio
  CC      arch/arm/mm/fault.o
  CC      arch/arm/vfp/vfpsingle.o
  CC      arch/arm/vfp/vfpdouble.o
  AS      usr/initramfs_data.o
  AS      arch/arm/kernel/entry-armv.o
  CC [M]  arch/arm/mvp/commkm/comm.o
  LD      usr/built-in.o
  CC [M]  arch/arm/mvp/commkm/comm_os_linux.o
  AS      arch/arm/kernel/entry-common.o
  CC      arch/arm/common/gic.o
  CC      arch/arm/kernel/irq.o
  CC      arch/arm/kernel/process.o
  CC      arch/arm/kernel/ptrace.o
  CC      arch/arm/kernel/return_address.o
  CC      arch/arm/mm/iomap.o
  CC      arch/arm/mm/dma-mapping.o
  CC      arch/arm/common/pl330.o
  CC      arch/arm/kernel/setup.o
  CC [M]  arch/arm/mvp/commkm/comm_os_mod_linux.o
  CC [M]  arch/arm/mvp/commkm/comm_svc.o
  LD      arch/arm/vfp/vfp.o
  LD      arch/arm/vfp/built-in.o
  LD      init/mounts.o
  CC [M]  arch/arm/mvp/commkm/comm_transp_mvp.o
  LD      init/built-in.o
  CC      arch/arm/plat-s5p/dev-pmu.o
  CC      arch/arm/kernel/signal.o
  CC      arch/arm/mm/init.o
  CC      arch/arm/mm/fault-armv.o
  CC      arch/arm/kernel/sys_arm.o
  CC      arch/arm/mach-exynos/init.o
  CC      arch/arm/kernel/stacktrace.o
  CC      arch/arm/plat-samsung/init.o
  CC      arch/arm/plat-s5p/dev-uart.o
  LD [M]  arch/arm/mvp/commkm/commkm.o
  CC      arch/arm/mm/flush.o
  CC      arch/arm/mach-exynos/irq-combiner.o
  CC      arch/arm/mm/idmap.o
  LD      arch/arm/common/built-in.o
  CC      arch/arm/plat-s5p/cpu.o
  CC      arch/arm/plat-s5p/clock.o
  CC      arch/arm/kernel/time.o
  LD      arch/arm/mvp/mvpkm/built-in.o
  CC [M]  arch/arm/mvp/mvpkm/check_kconfig.o
  CC      mm/filemap.o
  CC      kernel/sched.o
  CC      arch/arm/kernel/traps.o
  CC [M]  arch/arm/mvp/mvpkm/cpufreq_kernel.o
  CC      arch/arm/plat-samsung/cpu.o
  CC      arch/arm/mach-exynos/dma.o
  CC      arch/arm/plat-s5p/irq.o
  CC      arch/arm/mm/ioremap.o
  CC      arch/arm/plat-s5p/reset.o
  CC      arch/arm/mach-exynos/irq-eint.o
  CC      arch/arm/mm/mmap.o
  CC      arch/arm/mm/pgd.o
  CC [M]  arch/arm/mvp/mvpkm/mksck_kernel.o
  CC      arch/arm/plat-samsung/clock.o
  CC      arch/arm/plat-s5p/reserve_mem.o
  CC      arch/arm/kernel/armksyms.o
  CC      arch/arm/plat-s5p/irq-gpioint.o
  CC      arch/arm/plat-s5p/s5p-sysmmu.o
  CC      arch/arm/mach-exynos/ppmu.o
  CC      arch/arm/kernel/module.o
  CC      arch/arm/mm/vmregion.o
  CC      arch/arm/plat-s5p/pm.o
  CC      arch/arm/mm/mmu.o
  CC      arch/arm/plat-s5p/irq-pm.o
  CC      arch/arm/mach-exynos/irq-sgi.o
  AS      arch/arm/kernel/sleep.o
  CC      arch/arm/plat-samsung/pwm-clock.o
  CC      arch/arm/mm/proc-syms.o
  CC      arch/arm/plat-s5p/dev-fimc-s5p.o
  CC      arch/arm/plat-s5p/dev-mfc.o
  CC      arch/arm/plat-s5p/dev-fimd-s5p.o
  CC      arch/arm/kernel/smp.o
  CC      arch/arm/kernel/smp_tlb.o
  CC      arch/arm/mach-exynos/exynos4-smc.o
  CC      arch/arm/plat-samsung/gpio.o
  CC [M]  arch/arm/mvp/mvpkm/montimer_kernel.o
  CC      arch/arm/mach-exynos/cpu-exynos4.o
  CC      arch/arm/plat-s5p/dev-tvout.o
  CC      arch/arm/plat-s5p/dev-fimg2d.o
  CC      arch/arm/mm/alignment.o
  CC      arch/arm/plat-s5p/dev-csis-s5p.o
  CC      arch/arm/plat-samsung/gpio-config.o
  CC      arch/arm/kernel/smp_scu.o
  CC      arch/arm/mm/highmem.o
  CC [M]  arch/arm/mvp/mvpkm/mutex_kernel.o
  CC      arch/arm/plat-s5p/dev-jpeg.o
  CC      arch/arm/kernel/swp_emulate.o
  CC      arch/arm/kernel/pmu.o
  CC      mm/mempool.o
  CC      arch/arm/plat-s5p/dev-ehci.o
  CC      arch/arm/mach-exynos/clock-exynos4.o
  CC      arch/arm/plat-s5p/dev-usbgadget.o
  CC      arch/arm/plat-samsung/dev-asocdma.o
  AS      arch/arm/mm/abort-ev7.o
  CC      arch/arm/plat-s5p/dev-dsim.o
  CC      arch/arm/plat-samsung/clock-clksrc.o
  CC [M]  arch/arm/mvp/mvpkm/mvpkm_comm_ev.o
  CC      arch/arm/kernel/topology.o
  AS      arch/arm/mm/pabort-v7.o
  CC      arch/arm/kernel/io.o
  CC      arch/arm/plat-s5p/dev-tmu.o
  AS      arch/arm/mm/cache-v7.o
  CC      arch/arm/mach-exynos/pmu-exynos4.o
  CC      arch/arm/mm/copypage-v6.o
  CC      arch/arm/mm/context.o
  CC      arch/arm/plat-samsung/irq-uart.o
  CC [M]  arch/arm/mvp/mvpkm/mvpkm_main.o
  CC      arch/arm/plat-s5p/s5p_iommu.o
/home/nian/CherryS-AOSP/arch/arm/mach-exynos/pmu-exynos4.c: In function 'exynos4_pmu_init':
/home/nian/CherryS-AOSP/arch/arm/mach-exynos/pmu-exynos4.c:421:15: warning: unused variable 'i' [-Wunused-variable]
  AS      arch/arm/mm/tlb-v7.o
  CC      mm/oom_kill.o
  AS      arch/arm/kernel/head.o
  CC      arch/arm/plat-s5p/s5p_iovmm.o
  CC      arch/arm/plat-samsung/irq-vic-timer.o
  CC      arch/arm/mach-exynos/ppc.o
  CC      arch/arm/kernel/init_task.o
  AS      arch/arm/mm/proc-v7.o
  CC      arch/arm/mm/cache-l2x0.o
  CC      arch/arm/mach-exynos/clock-domain.o
  LDS     arch/arm/kernel/vmlinux.lds
  LD      arch/arm/kernel/built-in.o
  CC      arch/arm/mach-exynos/clock-exynos4212.o
  CC      arch/arm/mach-exynos/pm-exynos4.o
  AS      arch/arm/mach-exynos/sleep-exynos4.o
  CC      arch/arm/plat-samsung/adc.o
/home/nian/CherryS-AOSP/arch/arm/mvp/mvpkm/mvpkm_main.c: In function 'MapWSPHKVA':
/home/nian/CherryS-AOSP/arch/arm/mvp/mvpkm/mvpkm_main.c:1928:20: warning: assignment makes pointer from integer without a cast [enabled by default]
  LD      arch/arm/mm/built-in.o
  LD      arch/arm/plat-s5p/built-in.o
  CC      fs/open.o
  CC      arch/arm/mach-exynos/cpufreq.o
  CC      fs/read_write.o
  CC      fs/file_table.o
  CC      ipc/util.o
  CC      mm/fadvise.o
  CC      arch/arm/mach-exynos/asv.o
  CC      arch/arm/mach-exynos/asv-4x12.o
  CC      security/keys/gc.o
  CC      arch/arm/mach-exynos/cpufreq-4x12.o
  CC      arch/arm/plat-samsung/platformdata.o
  CC      arch/arm/mach-exynos/cpuidle-exynos4.o
/home/nian/CherryS-AOSP/arch/arm/mach-exynos/cpuidle-exynos4.c:344:41: warning: "CONFIG_MACH_U1_NA_USCC" is not defined [-Wundef]
/home/nian/CherryS-AOSP/arch/arm/mach-exynos/cpuidle-exynos4.c: In function 'exynos4_check_operation':
/home/nian/CherryS-AOSP/arch/arm/mach-exynos/cpuidle-exynos4.c:433:41: warning: "CONFIG_MACH_U1_NA_USCC" is not defined [-Wundef]
/home/nian/CherryS-AOSP/arch/arm/mach-exynos/cpuidle-exynos4.c: At top level:
/home/nian/CherryS-AOSP/arch/arm/mach-exynos/cpuidle-exynos4.c:185:13: warning: 'exynos4212_gpio_conpdn_reg' defined but not used [-Wunused-function]
  CC      ipc/msgutil.o
  CC      mm/maccess.o
  CC      arch/arm/plat-samsung/dev-hsmmc2.o
  CC      security/keys/key.o
  AS      arch/arm/mach-exynos/idle-exynos4.o
/home/nian/CherryS-AOSP/arch/arm/mach-exynos/cpuidle-exynos4.c:344:41: warning: "CONFIG_MACH_U1_NA_USCC" is not defined [-Wundef]
/home/nian/CherryS-AOSP/arch/arm/mach-exynos/cpuidle-exynos4.c:433:41: warning: "CONFIG_MACH_U1_NA_USCC" is not defined [-Wundef]
  CC      fs/super.o
  CC      fs/char_dev.o
  CC      ipc/msg.o
  CC      fs/stat.o
  CC [M]  arch/arm/mvp/mvpkm/qp_host_kernel.o
  CC      arch/arm/mach-exynos/dev.o
  CC      arch/arm/mach-exynos/busfreq_opp_exynos4.o
  CC      fs/exec.o
  CC      arch/arm/plat-samsung/dev-hsmmc3.o
  CC      mm/page-writeback.o
  CC      mm/readahead.o
  CC      arch/arm/plat-samsung/dev-mshc.o
  CC      fs/pipe.o
  CC      security/keys/keyring.o
  CC      ipc/sem.o
  CC      arch/arm/mach-exynos/busfreq_opp_4x12.o
  CC [M]  arch/arm/mvp/mvpkm/qp_common.o
  CC      arch/arm/plat-samsung/dev-i2c0.o
  CC      fs/namei.o
  CC      fs/fcntl.o
  CC      mm/swap.o
  CC      arch/arm/plat-samsung/dev-i2c1.o
  CC      mm/truncate.o
  CC [M]  arch/arm/mvp/mvpkm/mksck_shared.o
  CC      arch/arm/mach-exynos/platsmp.o
  CC      arch/arm/plat-samsung/dev-i2c3.o
  AS [M]  arch/arm/mvp/mvpkm/vfp_switch.o
  CC      security/keys/keyctl.o
  LD [M]  arch/arm/mvp/mvpkm/mvpkm.o
  CC      fs/ioctl.o
  CC      arch/arm/plat-samsung/dev-i2c4.o
  CC      fs/readdir.o
  CC      fs/select.o
  LD      arch/arm/mvp/pvtcpkm/built-in.o
  CC [M]  arch/arm/mvp/pvtcpkm/check_kconfig.o
  CC      ipc/shm.o
  AS      arch/arm/mach-exynos/headsmp.o
  CC [M]  arch/arm/mvp/pvtcpkm/pvtcp_off_io_linux.o
  CC      arch/arm/mach-exynos/mct.o
  CC      arch/arm/plat-samsung/dev-i2c5.o
  CC      mm/vmscan.o
  CC      arch/arm/plat-samsung/dev-i2c6.o
  CC      mm/shmem.o
  CC      arch/arm/mach-exynos/hotplug.o
  CC      security/keys/permission.o
  CC      fs/fifo.o
  CC      arch/arm/plat-samsung/dev-i2c7.o
  CC      fs/dcache.o
  CC      ipc/ipcns_notifier.o
  CC      arch/arm/mach-exynos/mach-midas.o
  CC      fs/inode.o
  CC      arch/arm/plat-samsung/dev-uart.o
  CC      fs/attr.o
  CC      fs/bad_inode.o
  CC      ipc/syscall.o
  CC [M]  arch/arm/mvp/pvtcpkm/pvtcp_off_linux.o
  CC      security/keys/process_keys.o
  CC      arch/arm/plat-samsung/dev-wdt.o
  CC      ipc/ipc_sysctl.o
  CC      kernel/fork.o
/home/nian/CherryS-AOSP/arch/arm/mach-exynos/mach-midas.c:1131:30: warning: 'i2c_devs4_max77693' defined but not used [-Wunused-variable]
/home/nian/CherryS-AOSP/arch/arm/mach-exynos/mach-midas.c:1199:30: warning: 'i2c_devs6' defined but not used [-Wunused-variable]
  CC      fs/file.o
  CC      arch/arm/plat-samsung/dev-rtc.o
  CC      ipc/namespace.o
  CC      fs/filesystems.o
  CC      mm/prio_tree.o
  CC      arch/arm/plat-samsung/dev-adc.o
  CC      security/keys/request_key.o
  LD      ipc/built-in.o
  CC      fs/namespace.o
  CC      fs/seq_file.o
  CC      arch/arm/mach-exynos/sec-common.o
  CC      mm/util.o
  CC      mm/mmzone.o
  CC      mm/vmstat.o
  CC      crypto/api.o
  CC      arch/arm/plat-samsung/dev-pwm.o
  CC      security/keys/request_key_auth.o
  CC      fs/xattr.o
  CC      mm/backing-dev.o
  CC      arch/arm/mach-exynos/midas-tsp.o
  CC      arch/arm/plat-samsung/dev-backlight.o
/home/nian/CherryS-AOSP/arch/arm/mach-exynos/midas-tsp.c: In function 'melfas_power':
/home/nian/CherryS-AOSP/arch/arm/mach-exynos/midas-tsp.c:2072:6: warning: unused variable 'ret' [-Wunused-variable]
  CC      mm/mm_init.o
  CC [M]  arch/arm/mvp/pvtcpkm/comm_os_linux.o
  CC      fs/libfs.o
  CC      security/keys/user_defined.o
  CC      arch/arm/plat-samsung/s3c-pl330.o
  CC      arch/arm/mach-exynos/board-midas-wlan.o
  CC      mm/mmu_context.o
  CC      crypto/cipher.o
  CC      mm/percpu.o
  CC      kernel/exec_domain.o
  CC [M]  arch/arm/mvp/pvtcpkm/comm_os_mod_linux.o
  CC      arch/arm/mach-exynos/midas-camera.o
  CC      fs/fs-writeback.o
  CC      security/keys/proc.o
  CC      mm/fremap.o
  CC      mm/highmem.o
  CC [M]  arch/arm/mvp/pvtcpkm/pvtcp.o
  CC      crypto/compress.o
  CC      kernel/panic.o
  CC      fs/pnode.o
  CC      arch/arm/plat-samsung/pm.o
  CC      security/keys/sysctl.o
  CC      fs/drop_caches.o
  CC      mm/madvise.o
  CC      crypto/algapi.o
  CC      arch/arm/mach-exynos/midas-thermistor.o
  LD      security/keys/built-in.o
  CC      kernel/printk.o
  CC      mm/memory.o
  CC      fs/splice.o
  CC      mm/mincore.o
  GEN     security/selinux/flask.h security/selinux/av_permissions.h
  CC      fs/sync.o
  CC      security/selinux/avc.o
  CC      arch/arm/plat-samsung/pm-gpio.o
  CC      arch/arm/mach-exynos/midas-mhl.o
  CC [M]  arch/arm/mvp/pvtcpkm/pvtcp_off.o
  CC      fs/utimes.o
  CC      mm/mlock.o
/home/nian/CherryS-AOSP/arch/arm/mach-exynos/midas-mhl.c: In function 'sii9234_vbus_present':
/home/nian/CherryS-AOSP/arch/arm/mach-exynos/midas-mhl.c:122:5: warning: unused variable 'intval' [-Wunused-variable]
/home/nian/CherryS-AOSP/arch/arm/mach-exynos/midas-mhl.c: At top level:
/home/nian/CherryS-AOSP/arch/arm/mach-exynos/midas-mhl.c:97:12: warning: 'sii9234_usb_op' defined but not used [-Wunused-function]
/home/nian/CherryS-AOSP/arch/arm/mach-exynos/midas-mhl.c:118:13: warning: 'sii9234_vbus_present' defined but not used [-Wunused-function]
  CC      arch/arm/plat-samsung/pd.o
  CC      arch/arm/mach-exynos/midas-lcd.o
  CC      arch/arm/plat-samsung/pwm.o
  CC      mm/mmap.o
  CC      fs/stack.o
  CC      fs/fs_struct.o
  CC      crypto/scatterwalk.o
  AS [M]  arch/arm/mvp/pvtcpkm/pvtcp_off_linux_shim.o
  CC      arch/arm/mach-exynos/midas-sound.o
  CC      fs/statfs.o
  LD [M]  arch/arm/mvp/pvtcpkm/pvtcpkm.o
  CC      kernel/cpu.o
  LD      arch/arm/plat-samsung/built-in.o
  LD      arch/arm/mvp/built-in.o
  CC      mm/mprotect.o
  CC      block/elevator.o
  CC      security/selinux/hooks.o
  CC      fs/buffer.o
  CC      fs/bio.o
  CC      arch/arm/mach-exynos/m3-gpio.o
  CC      arch/arm/mach-exynos/midas-power.o
  LD      drivers/accessory/built-in.o
  CC      crypto/proc.o
  LD      drivers/auxdisplay/built-in.o
  CC      drivers/base/core.o
  CC      kernel/exit.o
  CC      fs/block_dev.o
  CC      mm/mremap.o
  CC      arch/arm/mach-exynos/midas-nfc.o
  CC      mm/msync.o
  CC      crypto/ablkcipher.o
  CC      mm/rmap.o
  CC      arch/arm/mach-exynos/sec-reboot.o
  CC      block/blk-core.o
  CC      mm/vmalloc.o
  CC      mm/pagewalk.o
  CC      fs/direct-io.o
/home/nian/CherryS-AOSP/arch/arm/mach-exynos/include/mach/system.h:18:13: warning: 'arch_idle' defined but not used [-Wunused-function]
  CC      drivers/base/sys.o
  CC      arch/arm/mach-exynos/midas-sensor.o
  CC      fs/mpage.o
  CC      mm/pgtable-generic.o
  CC      drivers/base/bus.o
  CC      crypto/blkcipher.o
  CC      arch/arm/mach-exynos/dev-audio.o
  CC      mm/page_alloc.o
  CC      kernel/itimer.o
  CC      fs/ioprio.o
  CC      fs/debugfs/inode.o
  CC      fs/devpts/inode.o
  LD      fs/cifs/built-in.o
  CC [M]  fs/cifs/cifsfs.o
  CC      arch/arm/mach-exynos/dev-pd.o
  CC      drivers/base/dd.o
  CC      crypto/ahash.o
  CC      mm/page_isolation.o
  CC      arch/arm/mach-exynos/dev-pd-exynos4.o
  TIMEC   kernel/timeconst.h
  LD      fs/devpts/devpts.o
  LD      fs/devpts/built-in.o
  CC      block/blk-tag.o
  CC      kernel/softirq.o
  CC      fs/ecryptfs/dentry.o
  LD      fs/exfat/built-in.o
  CC [M]  fs/exfat/exfat.o
  CC      fs/debugfs/file.o
  CC      arch/arm/mach-exynos/dev-sysmmu-exynos4.o
  CC      mm/init-mm.o
  CC      drivers/base/syscore.o
  CC      security/selinux/selinuxfs.o
  CC      mm/bootmem.o
  CC      fs/ecryptfs/file.o
  CC      arch/arm/mach-exynos/dev-fimc-is.o
  CC      drivers/base/driver.o
  CC      crypto/shash.o
  CC [M]  fs/cifs/cifssmb.o
  CC      block/blk-sysfs.o
  CC      arch/arm/mach-exynos/dev-fimc-lite.o
  LD      fs/debugfs/debugfs.o
  LD      fs/debugfs/built-in.o
  CC      fs/ecryptfs/inode.o
  CC      drivers/base/class.o
  CC      kernel/resource.o
  CC      drivers/base/platform.o
  CC      mm/memblock.o
  CC      mm/bounce.o
  CC      arch/arm/mach-exynos/setup-fimc0.o
  CC      security/selinux/netlink.o
  CC      arch/arm/mach-exynos/setup-fimc1.o
  CC      block/blk-flush.o
  CC      block/blk-settings.o
  CC      crypto/algboss.o
  CC      mm/page_io.o
  CC      arch/arm/mach-exynos/setup-fimc2.o
  CC      kernel/sysctl.o
  CC      drivers/base/cpu.o
  CC      mm/swap_state.o
  CC      arch/arm/mach-exynos/setup-fimc3.o
  CC      fs/ecryptfs/main.o
  CC      security/selinux/nlmsgtab.o
  CC      arch/arm/mach-exynos/setup-csis.o
  CC      mm/swapfile.o
  CC      drivers/base/firmware.o
  CC      crypto/testmgr.o
  CC      block/blk-ioc.o
  CC      crypto/crypto_wq.o
  CC      arch/arm/mach-exynos/setup-fimc-is.o
  CC [M]  fs/exfat/exfat_api.o
  CC      drivers/base/init.o
  CC      mm/thrash.o
  CC      security/selinux/netif.o
  CC      drivers/base/map.o
  CC      fs/ecryptfs/super.o
  CC      crypto/aead.o
  CC      arch/arm/mach-exynos/setup-i2c0.o
  CC      mm/dmapool.o
  CC      block/blk-map.o
  CC      drivers/base/devres.o
  CC      arch/arm/mach-exynos/setup-i2c1.o
  CC      arch/arm/mach-exynos/setup-i2c3.o
  CC [M]  fs/exfat/exfat_blkdev.o
  CC      fs/ecryptfs/mmap.o
  CC      kernel/sysctl_binary.o
  CC      arch/arm/mach-exynos/setup-i2c4.o
  CC      security/selinux/netnode.o
  CC      mm/ashmem.o
  CC      drivers/base/attribute_container.o
  CC      arch/arm/mach-exynos/setup-i2c5.o
  CC      block/blk-exec.o
  CC      arch/arm/mach-exynos/setup-i2c6.o
  CC [M]  fs/exfat/exfat_cache.o
  CC      arch/arm/mach-exynos/setup-i2c7.o
  CC      arch/arm/mach-exynos/setup-mfc.o
  CC      crypto/chainiv.o
  CC      fs/ecryptfs/read_write.o
  CC      mm/compaction.o
  CC      arch/arm/mach-exynos/setup-sdhci.o
  CC      drivers/base/transport_class.o
  CC [M]  fs/cifs/cifs_debug.o
  CC      mm/ksm.o
  CC      arch/arm/mach-exynos/setup-sdhci-gpio.o
  CC      crypto/eseqiv.o
  CC      security/selinux/netport.o
  CC      arch/arm/mach-exynos/setup-mshci.o
  CC      block/blk-merge.o
  CC      drivers/base/power/sysfs.o
  CC      kernel/capability.o
  CC      fs/ecryptfs/crypto.o
  CC [M]  fs/exfat/exfat_data.o
  CC      arch/arm/mach-exynos/setup-mshci-gpio.o
  CC      mm/slub.o
  CC      mm/migrate.o
  LD      crypto/crypto_hash.o
  CC      crypto/pcompress.o
  CC      drivers/base/power/generic_ops.o
  CC      kernel/ptrace.o
  CC [M]  fs/exfat/exfat_global.o
  CC      block/blk-softirq.o
  CC      arch/arm/mach-exynos/dev-spi.o
  CC [M]  fs/cifs/connect.o
  CC      security/selinux/exports.o
  CC      drivers/base/power/main.o
  CC      mm/cleancache.o
  CC      fs/ecryptfs/keystore.o
  CC [M]  fs/exfat/exfat_nls.o
  CC      security/selinux/ss/ebitmap.o
  CC      arch/arm/mach-exynos/setup-usb-phy.o
  LD      crypto/cryptomgr.o
  CC      crypto/hmac.o
  CC      mm/cma.o
  CC      kernel/timer.o
  CC      block/blk-timeout.o
  CC      fs/ecryptfs/messaging.o
  CC [M]  fs/exfat/exfat_oal.o
  CC      drivers/base/power/wakeup.o
  CC      crypto/md5.o
  CC      mm/cma-best-fit.o
  CC      security/selinux/ss/hashtab.o
  CC      arch/arm/mach-exynos/setup-fb-s5p.o
  CC [M]  fs/exfat/exfat_upcase.o
  CC      crypto/sha1_generic.o
  CC      crypto/sha256_generic.o
  CC      security/selinux/ss/symtab.o
  CC      security/selinux/ss/sidtab.o
  LD      mm/built-in.o
  CC      block/blk-iopoll.o
  CC      security/selinux/ss/avtab.o
  CC      fs/ecryptfs/miscdev.o
  CC [M]  fs/exfat/exfat_super.o
  CC      sound/sound_core.o
  CC      crypto/ecb.o
  CC      arch/arm/mach-exynos/setup-tvout.o
  CC      drivers/base/power/runtime.o
  CC      kernel/user.o
  LD      sound/arm/built-in.o
  CC      arch/arm/mach-exynos/setup-jpeg.o
  CC      security/selinux/ss/policydb.o
  LD      sound/atmel/built-in.o
  CC      crypto/cbc.o
  CC      crypto/des_generic.o
  CC      fs/ecryptfs/kthread.o
  CC      sound/core/hwdep.o
  CC      security/selinux/ss/services.o
  CC      block/blk-lib.o
  CC      arch/arm/mach-exynos/tmu.o
  CC      kernel/signal.o
  CC [M]  fs/cifs/dir.o
  CC      drivers/base/power/opp.o
  CC      crypto/twofish_generic.o
/home/nian/CherryS-AOSP/arch/arm/mach-exynos/tmu.c:381:1: warning: 'dev_attr_print_state' defined but not used [-Wunused-variable]
  CC      fs/ecryptfs/debug.o
  CC      block/ioctl.o
  CC      drivers/base/power/clock_ops.o
  CC      arch/arm/mach-exynos/setup-dsim.o
  CC      sound/core/memalloc.o
  LD [M]  fs/exfat/exfat_core.o
  LD [M]  fs/exfat/exfat_fs.o
  CC      crypto/twofish_common.o
  CC      crypto/aes_generic.o
  CC      fs/ext2/balloc.o
  LD      drivers/base/power/built-in.o
  LD      fs/ecryptfs/ecryptfs.o
  CC      drivers/base/dma-mapping.o
  LD      fs/ecryptfs/built-in.o
  CC      arch/arm/mach-exynos/secmem-allocdev.o
  CC      fs/ext4/balloc.o
  CC [M]  fs/cifs/file.o
  CC      block/genhd.o
  CC      sound/core/pcm.o
  CC      security/selinux/ss/conditional.o
  CC      drivers/base/dma-coherent.o
  CC      kernel/sys.o
  CC      crypto/arc4.o
  CC      arch/arm/mach-exynos/sec_debug.o
  CC      fs/ext2/dir.o
  CC      security/selinux/ss/mls.o
  CC      drivers/base/firmware_class.o
  CC      crypto/deflate.o
  CC      fs/ext4/bitmap.o
  CC      crypto/crc32c.o
  CC      arch/arm/mach-exynos/sec_getlog.o
  CC      security/selinux/ss/status.o
  CC      sound/core/pcm_native.o
  CC      crypto/authenc.o
  CC [M]  fs/cifs/inode.o
  CC      crypto/authencesn.o
  CC      fs/ext2/file.o
  CC      arch/arm/mach-exynos/sec_gaf.o
  CC      fs/ext4/dir.o
  CC      kernel/kmod.o
  CC      block/scsi_ioctl.o
  CC      drivers/base/topology.o
  CC      arch/arm/mach-exynos/sec_log.o
  CC      fs/ext2/ialloc.o
  CC      arch/arm/mach-exynos/dev-ion.o
  LD      security/selinux/selinux.o
  LD      security/selinux/built-in.o
  CC      drivers/base/s5p-iommu.o
  CC      security/commoncap.o
  CC      fs/ext4/file.o
  CC      crypto/rng.o
  CC      arch/arm/mach-exynos/sec-switch.o
  CC      crypto/krng.o
  CC      sound/core/pcm_lib.o
  CC      kernel/workqueue.o
  CC      drivers/base/module.o
  CC      fs/ext2/inode.o
  CC      block/noop-iosched.o
  CC [M]  crypto/md4.o
  LD      crypto/crypto.o
  LD      crypto/crypto_algapi.o
  CC      block/deadline-iosched.o
  CC      drivers/base/sync.o
  CC [M]  fs/cifs/link.o
  CC      fs/ext4/fsync.o
  CC      arch/arm/mach-exynos/board-bluetooth-bcm4334.o
  LD      crypto/crypto_blkcipher.o
  LD      crypto/built-in.o
  CC      block/cfq-iosched.o
  CC      security/min_addr.o
  CC      security/security.o
  CC      sound/core/pcm_timer.o
  CC      block/row-iosched.o
  CC      sound/core/pcm_misc.o
  CC      fs/ext4/ialloc.o
  CC      fs/ext2/ioctl.o
  CC      security/capability.o
  CC      drivers/base/sw_sync.o
  CC      arch/arm/mach-exynos/sec_thermistor.o
  CC      sound/core/pcm_memory.o
  CC [M]  fs/cifs/misc.o
  CC      fs/ext2/namei.o
  CC      arch/arm/mach-exynos/mdm2.o
  CC      arch/arm/mach-exynos/mdm_common.o
  CC      sound/core/rawmidi.o
  LD      drivers/base/built-in.o
  CC      security/lsm_audit.o
  CC      kernel/pid.o
  CC      kernel/rcupdate.o
/home/nian/CherryS-AOSP/arch/arm/mach-exynos/mdm2.c:324:13: warning: 'mdm_modem_shutdown' defined but not used [-Wunused-function]
  CC      drivers/battery/samsung_battery.o
  CC      fs/ext2/super.o
  CC      sound/core/timer.o
  CC      arch/arm/mach-exynos/mdm_device.o
  CC      fs/ext4/inode.o
  CC      kernel/extable.o
/home/nian/CherryS-AOSP/drivers/battery/samsung_battery.c: In function 'battery_fullcharged_cond':
/home/nian/CherryS-AOSP/drivers/battery/samsung_battery.c:795:6: warning: unused variable 'full_state' [-Wunused-variable]
  CC      arch/arm/mach-exynos/subsystem_restart.o
  CC [M]  fs/cifs/netmisc.o
  CC      kernel/params.o
  CC      block/bfq-iosched.o
  CC      kernel/posix-timers.o
  LD      security/built-in.o
  CC      kernel/kthread.o
  MK_FW   firmware/SlimISP_ZD.bin.gen.S
  CC      drivers/battery/battery-factory.o
  IHEX    firmware/SlimISP_ZD.bin
  MK_FW   firmware/SlimISP_GD.bin.gen.S
  IHEX    firmware/SlimISP_GD.bin
  MKDIR   firmware/tsp_melfas/
  AS      firmware/SlimISP_ZD.bin.gen.o
  CC      sound/core/sound.o
  CC      arch/arm/mach-exynos/mdm_hsic_pm.o
  CC      fs/ext2/symlink.o
  CC      kernel/wait.o
  AS      firmware/SlimISP_GD.bin.gen.o
  MK_FW   firmware/tsp_melfas/CORE.fw.gen.S
  IHEX    firmware/tsp_melfas/CORE.fw
  CC      sound/core/init.o
  MK_FW   firmware/tsp_melfas/PRIV.fw.gen.S
  IHEX    firmware/tsp_melfas/PRIV.fw
  MK_FW   firmware/tsp_melfas/PUBL.fw.gen.S
  IHEX    firmware/tsp_melfas/PUBL.fw
  CC      drivers/battery/max17047_fuelgauge.o
  AS      firmware/tsp_melfas/CORE.fw.gen.o
  CC [M]  fs/cifs/smbencrypt.o
  LD      fs/ext2/ext2.o
  AS      firmware/tsp_melfas/PRIV.fw.gen.o
  LD      fs/ext2/built-in.o
  CC      drivers/battery/max77693_charger.o
  CC      fs/fat/cache.o
  AS      firmware/tsp_melfas/PUBL.fw.gen.o
  CC      kernel/kfifo.o
  LD      firmware/built-in.o
  CC      kernel/sys_ni.o
/home/nian/CherryS-AOSP/drivers/battery/max77693_charger.c:417:13: warning: 'max77693_set_buck' defined but not used [-Wunused-function]
/home/nian/CherryS-AOSP/drivers/battery/max77693_charger.c:972:12: warning: 'max77693_get_online_type' defined but not used [-Wunused-function]
  CC      drivers/block/brd.o
  CC      kernel/posix-cpu-timers.o
  CC      net/socket.o
  CC      sound/core/memory.o
  LD      arch/arm/mach-exynos/built-in.o
  CC      fs/fat/dir.o
  CC      drivers/battery/charge_control.o
/home/nian/CherryS-AOSP/drivers/battery/max77693_charger.c: In function 'max77693_charger_get_property':
/home/nian/CherryS-AOSP/drivers/battery/max77693_charger.c:881:5: warning: 'chg_det_erred' may be used uninitialized in this function [-Wmaybe-uninitialized]
/home/nian/CherryS-AOSP/drivers/battery/max77693_charger.c:685:18: note: 'chg_det_erred' was declared here
  LD      arch/arm/lib/built-in.o
  AS      arch/arm/lib/ashldi3.o
  CC [M]  fs/cifs/transport.o
  AS      arch/arm/lib/ashrdi3.o
  AS      arch/arm/lib/backtrace.o
  LD      drivers/battery/built-in.o
  AS      arch/arm/lib/changebit.o
  CC      kernel/mutex.o
  CC      drivers/bluetooth/hci_ldisc.o
  CC      drivers/block/loop.o
  CC      sound/core/info.o
  AS      arch/arm/lib/clear_user.o
  AS      arch/arm/lib/clearbit.o
  AS      arch/arm/lib/copy_from_user.o
  CC      fs/fuse/dev.o
  CC      kernel/hrtimer.o
  AS      arch/arm/lib/copy_page.o
  LD      net/802/built-in.o
  CC      kernel/rwsem.o
  AS      arch/arm/lib/copy_to_user.o
  CC      fs/fat/fatent.o
  AS      arch/arm/lib/csumipv6.o
  CC      fs/ext4/page-io.o
  CC [M]  fs/cifs/asn1.o
  AS      arch/arm/lib/csumpartial.o
  CC      block/sio-iosched.o
  CC      sound/core/control.o
  CC      kernel/nsproxy.o
  AS      arch/arm/lib/csumpartialcopy.o
  CC      drivers/bluetooth/hci_h4.o
  AS      arch/arm/lib/csumpartialcopyuser.o
  LD      drivers/block/built-in.o
  LD      drivers/cdrom/built-in.o
  CC      fs/fat/file.o
  CC      drivers/char/mem.o
  AS      arch/arm/lib/delay.o
  CC      net/bluetooth_mgmt/af_bluetooth.o
  CC      kernel/srcu.o
  CC      kernel/semaphore.o
  CC      block/vr-iosched.o
  CC      fs/ext4/ioctl.o
  AS      arch/arm/lib/div64.o
  AS      arch/arm/lib/findbit.o
  CC      kernel/notifier.o
  CC [M]  fs/cifs/cifs_unicode.o
  CC      fs/fuse/dir.o
  AS      arch/arm/lib/getuser.o
  CC      drivers/char/random.o
  AS      arch/arm/lib/io-readsb.o
  CC      fs/fat/inode.o
  LD      drivers/bluetooth/hci_uart.o
  CC      kernel/ksysfs.o
  LD      drivers/bluetooth/built-in.o
  CC      sound/core/misc.o
  CC      drivers/clk/clkdev.o
  AS      arch/arm/lib/io-readsl.o
  LD      block/built-in.o
  CC      kernel/pm_qos_params.o
  AS      arch/arm/lib/io-readsw-armv4.o
  CC      fs/ext4/namei.o
  CC      lib/bcd.o
  CC      kernel/sched_clock.o
  LD      drivers/clk/built-in.o
  LD      drivers/clocksource/built-in.o
  AS      arch/arm/lib/io-writesb.o
  CC      drivers/cpufreq/cpufreq.o
  CC      sound/core/device.o
  CC      fs/fuse/file.o
  CC [M]  fs/cifs/nterr.o
  CC      net/bluetooth_mgmt/hci_core.o
  AS      arch/arm/lib/io-writesl.o
  CC      lib/div64.o
  CC      drivers/char/misc.o
  CC      kernel/cred.o
  CC [M]  fs/cifs/xattr.o
  AS      arch/arm/lib/io-writesw-armv4.o
  CC      kernel/async.o
  CC      fs/fat/misc.o
  CC      sound/core/jack.o
  AS      arch/arm/lib/lib1funcs.o
  CC      lib/sort.o
  AS      arch/arm/lib/lshrdi3.o
  CC      drivers/char/diag/diagchar_core.o
  AS      arch/arm/lib/memchr.o
  CC      drivers/cpufreq/cpu-boost.o
  CC      kernel/range.o
  CC      lib/parser.o
  AS      arch/arm/lib/memcpy.o
  CC      fs/fat/namei_msdos.o
  CC      kernel/jump_label.o
  LD      sound/core/snd.o
  CC [M]  fs/cifs/cifsencrypt.o
  LD      sound/core/snd-hwdep.o
  LD      sound/core/snd-timer.o
  AS      arch/arm/lib/memmove.o
  LD      sound/core/snd-pcm.o
  CC      lib/halfmd4.o
  AS      arch/arm/lib/memset.o
  LD      sound/core/snd-page-alloc.o
  LD      sound/core/snd-rawmidi.o
  LD      sound/core/built-in.o
  CC      drivers/cpufreq/cpufreq_stats.o
  CC      fs/ext4/super.o
  AS      arch/arm/lib/memzero.o
  AS      arch/arm/lib/muldi3.o
  CC      kernel/groups.o
  LD      sound/drivers/mpu401/built-in.o
  LD      sound/drivers/opl3/built-in.o
  LD      sound/drivers/opl4/built-in.o
  AS      arch/arm/lib/putuser.o
  CC      fs/fuse/inode.o
  LD      sound/drivers/pcsp/built-in.o
  CC      lib/debug_locks.o
  AS      arch/arm/lib/setbit.o
  LD      sound/drivers/vx/built-in.o
  LD      sound/drivers/built-in.o
  LD      sound/firewire/built-in.o
  AS      arch/arm/lib/sha1.o
  CC      drivers/cpufreq/cpufreq_performance.o
  CC      fs/fat/namei_vfat.o
  LD      sound/i2c/other/built-in.o
  LD      sound/i2c/built-in.o
  AS      arch/arm/lib/strchr.o
  CC      drivers/char/diag/diagchar_hdlc.o
  AS      arch/arm/lib/strncpy_from_user.o
  LD      sound/isa/ad1816a/built-in.o
  LD      sound/isa/ad1848/built-in.o
  CC      lib/random32.o
  AS      arch/arm/lib/strnlen_user.o
  LD      sound/isa/cs423x/built-in.o
  LD      sound/isa/es1688/built-in.o
  AS      arch/arm/lib/strrchr.o
  CC      drivers/cpufreq/cpufreq_powersave.o
  LD      sound/isa/galaxy/built-in.o
  LD      sound/isa/gus/built-in.o
  CC      net/bluetooth_mgmt/hci_conn.o
  LD      sound/isa/msnd/built-in.o
  AS      arch/arm/lib/testchangebit.o
  LD      sound/isa/opti9xx/built-in.o
  AS      arch/arm/lib/testclearbit.o
  CC      drivers/char/diag/diagfwd.o
  LD      sound/isa/sb/built-in.o
  CC      kernel/freezer.o
  LD      sound/isa/wavefront/built-in.o
  CC [M]  fs/cifs/readdir.o
  LD      sound/isa/wss/built-in.o
  CC      lib/bust_spinlocks.o
  AS      arch/arm/lib/testsetbit.o
  LD      sound/isa/built-in.o
  CC      drivers/cpufreq/cpufreq_userspace.o
  AS      arch/arm/lib/ucmpdi2.o
  LD      sound/mips/built-in.o
  LD      sound/parisc/built-in.o
  AR      arch/arm/lib/lib.a
  CC      fs/isofs/namei.o
  CC      fs/isofs/inode.o
  CC      fs/fuse/control.o
  LD      sound/pci/ac97/built-in.o
  CC      lib/hexdump.o
  LD      sound/pci/ali5451/built-in.o
  LD      sound/pci/asihpi/built-in.o
  CC      kernel/sysctl_check.o
  LD      sound/pci/au88x0/built-in.o
  LD      fs/fat/fat.o
  CC      drivers/cpufreq/cpufreq_ondemand.o
  LD      sound/pci/aw2/built-in.o
  LD      fs/fat/vfat.o
  LD      fs/fat/msdos.o
  LD      fs/fat/built-in.o
  LD      sound/pci/ca0106/built-in.o
  LD      sound/pci/cs46xx/built-in.o
  CC      fs/jbd2/transaction.o
  LD      sound/pci/cs5535audio/built-in.o
  CC      lib/kasprintf.o
  LD      sound/pci/ctxfi/built-in.o
  LD      sound/pci/echoaudio/built-in.o
  CC      fs/isofs/dir.o
  LD      sound/pci/emu10k1/built-in.o
  LD      sound/pci/hda/built-in.o
  LD      sound/pci/ice1712/built-in.o
  LD      sound/pci/korg1212/built-in.o
  LD      fs/fuse/fuse.o
  LD      sound/pci/lola/built-in.o
  LD      fs/fuse/built-in.o
  LD      sound/pci/lx6464es/built-in.o
  CC      fs/isofs/util.o
  CC      lib/bitmap.o
  LD      sound/pci/mixart/built-in.o
  LD      sound/pci/nm256/built-in.o
  LD      sound/pci/oxygen/built-in.o
  LD      sound/pci/pcxhr/built-in.o
  CC      drivers/cpufreq/cpufreq_conservative.o
  LD      sound/pci/riptide/built-in.o
  CC [M]  fs/cifs/ioctl.o
  LD      sound/pci/rme9652/built-in.o
  CC      fs/isofs/rock.o
  CC      kernel/stacktrace.o
  CC      net/bluetooth_mgmt/hci_event.o
  LD      sound/pci/trident/built-in.o
  LD      sound/pci/vx222/built-in.o
  LD      sound/pci/ymfpci/built-in.o
  CC      fs/ext4/symlink.o
  LD      sound/pci/built-in.o
  CC      drivers/char/diag/diagmem.o
  CC      drivers/char/diag/diagfwd_cntl.o
  CC      fs/isofs/export.o
  LD      sound/pcmcia/pdaudiocf/built-in.o
  LD      sound/pcmcia/vx/built-in.o
  LD      sound/pcmcia/built-in.o
  LD      sound/ppc/built-in.o
  LD      sound/sh/built-in.o
  CC      drivers/char/diag/diagfwd_hsic.o
  CC      drivers/cpufreq/cpufreq_interactive.o
  CC      kernel/irq/irqdesc.o
  CC      fs/jbd2/commit.o
  CC      lib/scatterlist.o
  CC      fs/isofs/joliet.o
  CC      sound/soc/soc-core.o
  CC      fs/ext4/hash.o
  CC      sound/soc/soc-dapm.o
  CC      fs/isofs/compress.o
  CC [M]  fs/cifs/sess.o
  CC      sound/soc/soc-jack.o
  LD      drivers/char/diag/diagchar.o
  CC      kernel/irq/handle.o
  LD      drivers/char/diag/built-in.o
  CC      drivers/char/hw_random/core.o
  CC      lib/string_helpers.o
  CC      drivers/cpufreq/cpufreq_adaptive.o
  CC      fs/ext4/resize.o
  LD      fs/isofs/isofs.o
  LD      fs/isofs/built-in.o
  CC      kernel/irq/manage.o
  CC      fs/lockd/clntlock.o
  CC      fs/jbd2/recovery.o
  CC      lib/gcd.o
  LD      drivers/char/hw_random/rng-core.o
  CC      drivers/cpufreq/cpufreq_pegasusq.o
  LD      drivers/char/hw_random/built-in.o
  CC      drivers/char/s3c_mem.o
  CC      lib/lcm.o
  CC      sound/soc/soc-cache.o
/home/nian/CherryS-AOSP/drivers/cpufreq/cpufreq_pegasusq.c:1273:30: warning: 'pm_notifier' defined but not used [-Wunused-variable]
  CC      fs/jbd2/checkpoint.o
  CC      kernel/irq/spurious.o
  CC      lib/list_sort.o
  CC [M]  fs/cifs/export.o
  CC      sound/soc/soc-utils.o
  CC      fs/ext4/extents.o
  CC      fs/lockd/clntproc.o
  CC      drivers/char/exynos_mem.o
  CC      lib/uuid.o
  CC      drivers/cpufreq/cpufreq_hotplug.o
  CC      kernel/irq/resend.o
/home/nian/CherryS-AOSP/drivers/char/exynos_mem.c:150:13: warning: 'exynos_mem_paddr_cache_clean' defined but not used [-Wunused-function]
  CC      lib/flex_array.o
  LD      sound/soc/atmel/built-in.o
  LD      sound/soc/au1x/built-in.o
  LD      sound/soc/blackfin/built-in.o
  CC      sound/soc/codecs/wm_hubs.o
  LD      sound/soc/davinci/built-in.o
  LD      drivers/char/built-in.o
  LD      sound/soc/ep93xx/built-in.o
  CC      kernel/irq/chip.o
  CC      drivers/cpuidle/cpuidle.o
  CC      lib/bsearch.o
  LD      sound/soc/fsl/built-in.o
  CC      kernel/power/main.o
  CC [M]  fs/cifs/cifsacl.o
  CC      fs/jbd2/revoke.o
  CC      lib/find_last_bit.o
  CC      drivers/cpufreq/cpufreq_lulzactiveq.o
  CC      lib/kstrtox.o
  CC      net/core/sock.o
  CC      net/bluetooth_mgmt/mgmt.o
  CC      drivers/cpuidle/driver.o
  CC      kernel/irq/dummychip.o
  CC      kernel/power/console.o
  CC      fs/lockd/clntxdr.o
  CC      fs/jbd2/journal.o
  CC      lib/iomap_copy.o
  CC      drivers/cpuidle/governor.o
  CC      sound/soc/codecs/wm8994.o
  CC      kernel/irq/devres.o
/home/nian/CherryS-AOSP/net/bluetooth_mgmt/mgmt.c: In function 'pin_code_reply':
/home/nian/CherryS-AOSP/net/bluetooth_mgmt/mgmt.c:1463:36: warning: unused variable 'ncp' [-Wunused-variable]
/home/nian/CherryS-AOSP/net/bluetooth_mgmt/mgmt.c: At top level:
/home/nian/CherryS-AOSP/net/bluetooth_mgmt/mgmt.c:132:11: warning: 'mgmt_status_table' defined but not used [-Wunused-variable]
  CC      drivers/cpuidle/sysfs.o
  CC      lib/devres.o
  CC      kernel/power/process.o
  CC [M]  fs/cifs/cifs_spnego.o
/home/nian/CherryS-AOSP/sound/soc/codecs/wm8994.c: In function 'wm8994_readable':
/home/nian/CherryS-AOSP/sound/soc/codecs/wm8994.c:138:22: warning: unused variable 'wm8994' [-Wunused-variable]
  CC      kernel/irq/generic-chip.o
/home/nian/CherryS-AOSP/sound/soc/codecs/wm8994.c: At top level:
/home/nian/CherryS-AOSP/sound/soc/codecs/wm8994.c:2325:20: warning: 'wm8994_fll_locked_irq' defined but not used [-Wunused-function]
/home/nian/CherryS-AOSP/sound/soc/codecs/wm8994.c:3851:20: warning: 'wm8994_fifo_error' defined but not used [-Wunused-function]
/home/nian/CherryS-AOSP/sound/soc/codecs/wm8994.c:3860:20: warning: 'wm8994_temp_warn' defined but not used [-Wunused-function]
/home/nian/CherryS-AOSP/sound/soc/codecs/wm8994.c:3869:20: warning: 'wm8994_temp_shut' defined but not used [-Wunused-function]
  CC      drivers/cpuidle/governors/ladder.o
  CC      drivers/cpufreq/cpufreq_zzmoove.o
  CC      fs/ext4/ext4_jbd2.o
  CC      lib/hweight.o
  CC      fs/lockd/host.o
  CC      kernel/power/suspend.o
  CC      kernel/irq/autoprobe.o
  CC      drivers/cpuidle/governors/menu.o
  CC      lib/list_debug.o
  CC [M]  fs/cifs/dns_resolve.o
  CC      net/core/request_sock.o
/home/nian/CherryS-AOSP/drivers/cpuidle/governors/menu.c:128:12: warning: 'get_loadavg' defined but not used [-Wunused-function]
  LD      fs/jbd2/jbd2.o
  CC      kernel/irq/proc.o
  LD      fs/jbd2/built-in.o
  CC      fs/ext4/migrate.o
  CC      lib/bitrev.o
  CC      drivers/cpufreq/freq_table.o
  LD      drivers/cpuidle/governors/built-in.o
  LD      drivers/cpuidle/built-in.o
  CC      fs/nfs/client.o
  LD      drivers/crypto/built-in.o
  CC      drivers/felica/felica.o
  CC      kernel/power/wakelock.o
  CC      kernel/irq/pm.o
  CC      sound/soc/codecs/wm8994-tables.o
  CC      fs/lockd/svc.o
  CC      lib/crc-ccitt.o
  LD      drivers/cpufreq/built-in.o
  CC [M]  fs/cifs/cifs_dfs_ref.o
  CC      kernel/power/userwakelock.o
  CC      fs/ext4/mballoc.o
  LD      kernel/irq/built-in.o
  CC      lib/crc16.o
  CC      net/core/skbuff.o
  CC      net/bluetooth_mgmt/hci_sock.o
  CC      kernel/time/timekeeping.o
  CC      sound/soc/codecs/wm8958-dsp2.o
  LD      drivers/felica/built-in.o
  CC      lib/crc-itu-t.o
  LD      drivers/firewire/built-in.o
  LD      drivers/firmware/built-in.o
  CC      kernel/power/earlysuspend.o
  CC      drivers/gpio/gpiolib.o
  CC      kernel/power/fbearlysuspend.o
  HOSTCC  lib/gen_crc32table
  LD [M]  fs/cifs/cifs.o
  CC      fs/lockd/svclock.o
  CC      lib/libcrc32c.o
  CC      fs/nfs_common/nfsacl.o
  CC      sound/soc/codecs/boeffla_sound.o
  CC      kernel/power/poweroff.o
  CC      net/bluetooth_mgmt/hci_sysfs.o
  CC      kernel/time/ntp.o
  CC      fs/nfs/dir.o
  LD      sound/soc/imx/built-in.o
  LD      kernel/power/built-in.o
  CC      lib/genalloc.o
  LD      sound/soc/jz4740/built-in.o
  CC      kernel/futex.o
  CC      kernel/rtmutex.o
  LD      fs/nfs_common/nfs_acl.o
  CC      drivers/gpio/gpio-exynos4.o
  LD      fs/nfs_common/built-in.o
  CC      lib/lzo/lzo1x_compress.o
  CC      fs/nls/nls_base.o
  CC      kernel/time/clocksource.o
  LD      sound/soc/codecs/snd-soc-wm8994.o
  LD      sound/soc/codecs/snd-soc-wm-hubs.o
  LD      sound/soc/codecs/built-in.o
  CC      drivers/gpio/gpio-plat-samsung.o
  LD      sound/soc/kirkwood/built-in.o
  CC      kernel/smp.o
  LD      sound/soc/mid-x86/built-in.o
  CC      lib/lzo/lzo1x_decompress.o
  LD      sound/soc/nuc900/built-in.o
  CC      fs/lockd/svcshare.o
  LD      sound/soc/omap/built-in.o
  LD      sound/soc/pxa/built-in.o
  LD      drivers/gpio/built-in.o
  CC      fs/nls/nls_cp437.o
  LD      sound/soc/s6000/built-in.o
  CC      sound/soc/samsung/audss.o
  LD      drivers/gpu/drm/i2c/built-in.o
  CC      kernel/time/jiffies.o
  LD      drivers/gpu/drm/built-in.o
  CC      net/core/iovec.o
  CC      net/bluetooth_mgmt/lib.o
  CC      drivers/gpu/ion/ion.o
  CC      fs/nls/nls_ascii.o
  LD      lib/lzo/lzo_compress.o
  LD      lib/lzo/lzo_decompress.o
  LD      lib/lzo/built-in.o
  CC      lib/reed_solomon/reed_solomon.o
  CC      drivers/gud/MobiCoreDriver/mcDrvModule.o
  CC      kernel/time/timer_list.o
  CC      kernel/spinlock.o
  CC      fs/nls/nls_iso8859-1.o
  CC      fs/nfs/file.o
  CC      sound/soc/samsung/i2s.o
  CC      fs/lockd/svcproc.o
  CC      fs/nls/nls_utf8.o
  CC      kernel/uid16.o
  LD      lib/reed_solomon/built-in.o
  CC      drivers/gpu/ion/ion_heap.o
  CC      net/bluetooth_mgmt/l2cap_core.o
  CC      kernel/time/timecompare.o
  CC      lib/zlib_deflate/deflate.o
  LD      fs/nls/built-in.o
  CC      net/core/datagram.o
  CC      drivers/gpu/ion/ion_system_heap.o
  LD      sound/sparc/built-in.o
  LD      sound/spi/built-in.o
  CC      fs/ext4/block_validity.o
  LD      sound/synth/built-in.o
  CC      kernel/time/timeconv.o
  CC      sound/usb/card.o
  CC      lib/zlib_deflate/deftree.o
  CC      drivers/gpu/ion/ion_carveout_heap.o
  CC      kernel/module.o
  CC      fs/lockd/svcsubs.o
  CC      fs/ext4/move_extent.o
  CC      drivers/gud/MobiCoreKernelApi/main.o
  CC      sound/soc/samsung/idma.o
  CC      kernel/time/posix-clock.o
  CC      fs/nfs/getroot.o
  CC      drivers/gpu/ion/exynos/exynos_ion.o
  CC      lib/zlib_deflate/deflate_syms.o
/home/nian/CherryS-AOSP/drivers/gpu/ion/exynos/exynos_ion.c:858:13: warning: 'flush_local_cache_all' defined but not used [-Wunused-function]
  LD      lib/zlib_deflate/zlib_deflate.o
  CC      sound/usb/mixer.o
  LD      lib/zlib_deflate/built-in.o
  CC      net/core/stream.o
  CC      lib/zlib_inflate/inffast.o
  CC      drivers/gud/MobiCoreKernelApi/clientlib.o
  CC      lib/zlib_inflate/inflate.o
  CC      kernel/time/clockevents.o
  CC      sound/soc/samsung/m3_wm1811.o
  CC      fs/nfs/inode.o
  CC      fs/ext4/mmp.o
  CC      fs/lockd/mon.o
  LD      drivers/gpu/ion/exynos/built-in.o
  LD      drivers/gpu/ion/built-in.o
/home/nian/CherryS-AOSP/drivers/gpu/mali400/r3p2/mali/Kbuild:47: Current directory is /home/nian/CherryS-AOSP/drivers/gpu/mali400/r3p2/mali from /home/nian/CherryS-AOSP/out/SC03E/AOSP/obj
  CC      kernel/time/tick-common.o
  CC      fs/ext4/xattr.o
  CC      lib/zlib_inflate/infutil.o
  CC      drivers/gpu/mali400/r3p2/mali/linux/mali_osk_atomics.o
  CC      net/core/scm.o
  CC      drivers/gud/MobiCoreKernelApi/device.o
  CC      sound/soc/samsung/dma.o
  CC      kernel/time/tick-broadcast.o
  CC      kernel/time/tick-oneshot.o
  CC      sound/usb/mixer_quirks.o
  CC      lib/zlib_inflate/inftrees.o
  CC      drivers/gpu/mali400/r3p2/mali/linux/mali_osk_irq.o
  CC      fs/lockd/xdr.o
  CC      drivers/gud/MobiCoreKernelApi/session.o
  CC      lib/zlib_inflate/inflate_syms.o
  CC      kernel/time/tick-sched.o
  CC      sound/soc/samsung/srp_alp/srp_alp.o
  CC      kernel/time/timer_stats.o
  CC      drivers/gpu/mali400/r3p2/mali/linux/mali_osk_wq.o
  CC      net/bluetooth_mgmt/l2cap_sock.o
  CC      sound/usb/proc.o
  CC      drivers/gud/MobiCoreKernelApi/connection.o
  LD      lib/zlib_inflate/zlib_inflate.o
  LD      lib/zlib_inflate/built-in.o
  CC      lib/textsearch.o
  CC      drivers/gpu/mali400/r3p2/mali/linux/mali_osk_locks.o
  CC      fs/nfs/super.o
  LD      sound/soc/sh/built-in.o
  LD      kernel/time/built-in.o
  CC      net/core/gen_stats.o
  LD      sound/soc/tegra/built-in.o
  CC      kernel/kallsyms.o
  LD      sound/soc/txx9/built-in.o
  LD      sound/soc/snd-soc-core.o
  CC      net/core/gen_estimator.o
  CC      lib/ts_kmp.o
  CC      fs/ext4/xattr_user.o
  CC      drivers/gpu/mali400/r3p2/mali/linux/mali_osk_wait_queue.o
  CC      sound/usb/quirks.o
  CC      lib/ts_bm.o
  LD      drivers/gud/mcKernelApi.o
  CC      fs/lockd/grace.o
  LD      drivers/gud/mcDrvModule.o
  LD      drivers/gud/built-in.o
  CC      drivers/hid/hid-lg.o
  CC      drivers/gpu/mali400/r3p2/mali/linux/mali_osk_low_level_mem.o
  LD      sound/soc/samsung/srp_alp/built-in.o
  LD      sound/soc/samsung/snd-soc-s3c24xx.o
  CC      lib/ts_fsm.o
  LD      sound/soc/samsung/snd-soc-i2s.o
  LD      sound/soc/samsung/snd-soc-audss.o
  LD      sound/soc/samsung/snd-soc-idma.o
  LD      sound/soc/samsung/snd-soc-m3-wm1811.o
  CC      fs/ext4/xattr_trusted.o
  CC      net/bluetooth_mgmt/smp.o
  CC      kernel/cgroup.o
  LD      sound/soc/samsung/built-in.o
  CC      net/core/net_namespace.o
  LD      sound/soc/built-in.o
  CC      fs/lockd/clnt4xdr.o
  CC      sound/last.o
  CC      lib/percpu_counter.o
  CC      sound/usb/format.o
  CC      net/core/secure_seq.o
  CC      drivers/hid/hid-debug.o
  CC      drivers/gpu/mali400/r3p2/mali/linux/mali_osk_math.o
  LD      sound/soundcore.o
  CC      fs/ext4/xattr_security.o
  CC      net/bluetooth_mgmt/sco.o
  CC      lib/audit.o
  CC      drivers/gpu/mali400/r3p2/mali/linux/mali_osk_memory.o
  CC      drivers/i2c/i2c-boardinfo.o
  CC      sound/usb/endpoint.o
  CC      fs/nfs/nfs2xdr.o
  CC      lib/fault-inject.o
  CC      drivers/gpu/mali400/r3p2/mali/linux/mali_osk_misc.o
  CC      net/core/sysctl_net_core.o
  CC      fs/lockd/xdr4.o
  LD      fs/ext4/ext4.o
  CC      net/bluetooth_mgmt/bnep/core.o
  CC      drivers/hid/hid-core.o
  CC      drivers/i2c/i2c-core.o
  LD      fs/ext4/built-in.o
  CC      drivers/gpu/mali400/r3p2/mali/linux/mali_osk_mali.o
  CC      lib/nlattr.o
  CC      fs/notify/fsnotify.o
  CC      sound/usb/urb.o
  CC      drivers/gpu/mali400/r3p2/mali/linux/mali_osk_notification.o
  CC      fs/lockd/svc4proc.o
  CC      net/bluetooth_mgmt/hidp/core.o
  CC      net/core/dev.o
  CC      lib/cpu_rmap.o
  CC      fs/notify/notification.o
  CC      drivers/gpu/mali400/r3p2/mali/linux/mali_osk_time.o
  CC      fs/nfs/direct.o
  CC      kernel/cgroup_freezer.o
  CC      net/bluetooth_mgmt/bnep/sock.o
  CC      drivers/gpu/mali400/r3p2/mali/linux/mali_osk_timers.o
  CC      drivers/i2c/i2c-dev.o
  CC      lib/argv_split.o
  CC      sound/usb/pcm.o
  CC      drivers/hid/hid-input.o
  CC      drivers/gpu/mali400/r3p2/mali/linux/mali_ukk_mem.o
  CC      fs/notify/group.o
  CC      kernel/utsname.o
  CC      lib/cmdline.o
  LD      fs/lockd/lockd.o
  LD      fs/lockd/built-in.o
  CC      drivers/hid/uhid.o
  CC      net/bluetooth_mgmt/hidp/sock.o
  CC      drivers/i2c/algos/i2c-algo-bit.o
  CC      drivers/gpu/mali400/r3p2/mali/linux/mali_ukk_gp.o
  CC      net/bluetooth_mgmt/bnep/netdev.o
  CC      lib/cpumask.o
  CC      kernel/user_namespace.o
  CC      fs/notify/inode_mark.o
  CC      sound/usb/helper.o
  CC      drivers/gpu/mali400/r3p2/mali/linux/mali_ukk_pp.o
  CC      fs/nfs/pagelist.o
  CC      lib/ctype.o
  CC      drivers/hid/hid-a4tech.o
  CC      kernel/pid_namespace.o
  LD      drivers/i2c/algos/built-in.o
  CC      fs/notify/mark.o
  CC      drivers/i2c/busses/i2c-gpio.o
  CC      drivers/gpu/mali400/r3p2/mali/linux/mali_ukk_core.o
  CC      drivers/hid/hid-axff.o
  CC      lib/dec_and_lock.o
  LD      net/bluetooth_mgmt/hidp/hidp.o
  CC      sound/usb/clock.o
  LD      net/bluetooth_mgmt/hidp/built-in.o
  LD      net/bluetooth_mgmt/bnep/bnep.o
  LD      net/bluetooth_mgmt/bnep/built-in.o
  CC      drivers/hid/hid-apple.o
  CC      net/bluetooth_mgmt/rfcomm/core.o
  CC      net/bluetooth_mgmt/rfcomm/sock.o
  CC      drivers/i2c/busses/i2c-s3c2410.o
  GZIP    kernel/config_data.gz
  CC      lib/decompress.o
  CC      kernel/res_counter.o
  CC      fs/notify/vfsmount_mark.o
  CC      drivers/gpu/mali400/r3p2/mali/common/mali_kernel_core.o
  CC      drivers/hid/hid-belkin.o
  CC      lib/decompress_inflate.o
  CC      sound/usb/midi.o
  CC      drivers/hid/hid-cherry.o
  LD      fs/notify/dnotify/built-in.o
  LD      fs/notify/fanotify/built-in.o
  CC      fs/notify/inotify/inotify_fsnotify.o
  CC      fs/nfs/proc.o
  CC      lib/dump_stack.o
  CC      drivers/hid/hid-chicony.o
  CC      kernel/stop_machine.o
  CC      drivers/hid/hid-cypress.o
  LD      drivers/i2c/busses/built-in.o
  LD      drivers/i2c/muxes/built-in.o
  LD      drivers/i2c/built-in.o
  CC      drivers/gpu/mali400/r3p2/mali/linux/mali_kernel_linux.o
  LD      drivers/idle/built-in.o
  CC      fs/notify/inotify/inotify_user.o
  LD      drivers/ieee802154/built-in.o
  CC      lib/extable.o
  CC      drivers/input/input.o
  CC      net/bluetooth_mgmt/rfcomm/tty.o
  CC      kernel/audit.o
  CC      drivers/hid/hid-dr.o
  CC      drivers/hid/hid-emsff.o
  CC      drivers/input/input-compat.o
  CC      lib/find_next_bit.o
  CC      lib/idr.o
  CC      drivers/hid/hid-elecom.o
  CC      drivers/gpu/mali400/r3p2/mali/common/mali_kernel_descriptor_mapping.o
  LD      fs/notify/inotify/built-in.o
  CC      drivers/hid/hid-ezkey.o
  LD      fs/notify/built-in.o
  CC      drivers/input/input-mt.o
  CC      drivers/input/ff-core.o
  LD      sound/usb/6fire/built-in.o
  LD      sound/usb/caiaq/built-in.o
  CC      net/core/ethtool.o
  LD      sound/usb/misc/built-in.o
  CC      fs/nfs/read.o
  LD      sound/usb/usx2y/built-in.o
  CC      drivers/gpu/mali400/r3p2/mali/common/mali_session.o
  LD      sound/usb/snd-usb-audio.o
  CC      drivers/hid/hid-gyration.o
  LD      sound/usb/snd-usbmidi-lib.o
  CC      drivers/hid/hid-kensington.o
  LD      sound/usb/built-in.o
  LD      sound/built-in.o
  CC      drivers/input/ff-memless.o
  CC      lib/int_sqrt.o
  CC      drivers/gpu/mali400/r3p2/mali/linux/mali_device_pause_resume.o
  LD      net/bluetooth_mgmt/rfcomm/rfcomm.o
  LD      net/bluetooth_mgmt/rfcomm/built-in.o
  LD      net/bluetooth_mgmt/bluetooth.o
  CC      drivers/hid/hid-keytouch.o
  CC      drivers/hid/hid-kye.o
  CC      drivers/input/mousedev.o
  CC      drivers/hid/hid-lcpower.o
  LD      net/bluetooth_mgmt/built-in.o
  CC      drivers/input/evdev.o
  CC      lib/ioremap.o
  CC      kernel/auditfilter.o
  CC      net/dns_resolver/dns_key.o
  CC      drivers/gpu/mali400/r3p2/mali/common/mali_kernel_vsync.o
  LD      drivers/hid/hid-logitech.o
  CC      drivers/hid/hid-magicmouse.o
  CC      drivers/hid/hid-microsoft.o
  CC      drivers/hid/hid-monterey.o
  CC      drivers/input/keyboard/atkbd.o
  CC      drivers/gpu/mali400/r3p2/mali/linux/mali_ukk_vsync.o
  CC      net/dns_resolver/dns_query.o
  CC      lib/irq_regs.o
  CC      drivers/hid/hid-multitouch.o
  CC      drivers/input/misc/gpio_event.o
  CC      drivers/gpu/mali400/r3p2/mali/linux/mali_kernel_sysfs.o
  CC      drivers/hid/hid-ntrig.o
  CC      drivers/input/touchscreen/mms_ts.o
  CC      lib/is_single_threaded.o
  CC      drivers/hid/hid-ortek.o
  CC      fs/nfs/symlink.o
  LD      net/dns_resolver/dns_resolver.o
  LD      net/dns_resolver/built-in.o
  CC      net/ethernet/eth.o
  CC      kernel/hung_task.o
  CC      net/core/dev_addr_lists.o
/home/nian/CherryS-AOSP/drivers/input/touchscreen/mms_ts.c: In function 'mms100_open_mbinary':
/home/nian/CherryS-AOSP/drivers/input/touchscreen/mms_ts.c:1241:7: warning: unused variable 'file_name' [-Wunused-variable]
/home/nian/CherryS-AOSP/drivers/input/touchscreen/mms_ts.c:1240:6: warning: unused variable 'i' [-Wunused-variable]
/home/nian/CherryS-AOSP/drivers/input/touchscreen/mms_ts.c: In function 'mms_ts_fw_info':
/home/nian/CherryS-AOSP/drivers/input/touchscreen/mms_ts.c:1842:22: warning: unused variable 'adapter' [-Wunused-variable]
/home/nian/CherryS-AOSP/drivers/input/touchscreen/mms_ts.c: In function 'mms_ts_fw_load':
/home/nian/CherryS-AOSP/drivers/input/touchscreen/mms_ts.c:1878:22: warning: unused variable 'adapter' [-Wunused-variable]
/home/nian/CherryS-AOSP/drivers/input/touchscreen/mms_ts.c: In function 'fw_update':
/home/nian/CherryS-AOSP/drivers/input/touchscreen/mms_ts.c:2311:1: warning: label 'do_not_need_update' defined but not used [-Wunused-label]
/home/nian/CherryS-AOSP/drivers/input/touchscreen/mms_ts.c: In function 'get_fw_ver_bin':
/home/nian/CherryS-AOSP/drivers/input/touchscreen/mms_ts.c:2322:6: warning: unused variable 'hw_rev' [-Wunused-variable]
  CC      lib/klist.o
/home/nian/CherryS-AOSP/drivers/input/touchscreen/mms_ts.c: In function 'mms_ts_resume':
/home/nian/CherryS-AOSP/drivers/input/touchscreen/mms_ts.c:2959:7: warning: unused variable 'ret' [-Wunused-variable]
/home/nian/CherryS-AOSP/drivers/input/touchscreen/mms_ts.c: At top level:
/home/nian/CherryS-AOSP/drivers/input/touchscreen/mms_ts.c:310:13: warning: 'dvfs_lock_status' defined but not used [-Wunused-variable]
/home/nian/CherryS-AOSP/drivers/input/touchscreen/mms_ts.c:311:13: warning: 'press_status' defined but not used [-Wunused-variable]
/home/nian/CherryS-AOSP/drivers/input/touchscreen/mms_ts.c:328:13: warning: 'module_off_master' declared 'static' but never defined [-Wunused-function]
/home/nian/CherryS-AOSP/drivers/input/touchscreen/mms_ts.c:329:13: warning: 'module_on_master' declared 'static' but never defined [-Wunused-function]
/home/nian/CherryS-AOSP/drivers/input/touchscreen/mms_ts.c:330:13: warning: 'module_off_slave' declared 'static' but never defined [-Wunused-function]
/home/nian/CherryS-AOSP/drivers/input/touchscreen/mms_ts.c:331:13: warning: 'module_on_slave' declared 'static' but never defined [-Wunused-function]
/home/nian/CherryS-AOSP/drivers/input/touchscreen/mms_ts.c:1779:12: warning: 'mms_ts_enable' defined but not used [-Wunused-function]
/home/nian/CherryS-AOSP/drivers/input/touchscreen/mms_ts.c:1796:12: warning: 'mms_ts_disable' defined but not used [-Wunused-function]
/home/nian/CherryS-AOSP/drivers/input/touchscreen/mms_ts.c:1839:12: warning: 'mms_ts_fw_info' defined but not used [-Wunused-function]
/home/nian/CherryS-AOSP/drivers/input/touchscreen/mms_ts.c:2066:12: warning: 'get_raw_data_one' defined but not used [-Wunused-function]
  CC      drivers/input/misc/gpio_matrix.o
  CC      drivers/input/keyboard/gpio_keys.o
  CC      drivers/hid/hid-prodikeys.o
  CC      drivers/hid/hid-quanta.o
  CC      drivers/hid/hid-pl.o
  CC      drivers/gpu/mali400/r3p2/mali/common/mali_mmu.o
  CC      kernel/watchdog.o
  CC      lib/kobject.o
  CC      fs/nfs/unlink.o
  CC      drivers/hid/hid-petalynx.o
  CC      drivers/input/misc/gpio_input.o
  CC      drivers/hid/hid-picolcd.o
  CC      drivers/input/keyboard/cypress/cypress-touchkey.o
  CC      drivers/gpu/mali400/r3p2/mali/common/mali_mmu_page_directory.o
  LD      net/ethernet/built-in.o
  CC      drivers/hid/hid-roccat.o
  CC      net/ipv4/route.o
  CC      net/core/dst.o
  CC      drivers/hid/hid-roccat-common.o
  CC      kernel/rcutree.o
  CC      lib/kobject_uevent.o
  CC      drivers/input/misc/gpio_output.o
  CC      drivers/input/touchscreen/touchboost_switch.o
  CC      drivers/gpu/mali400/r3p2/mali/common/mali_memory.o
  LD      drivers/input/touchscreen/built-in.o
  CC      drivers/input/keyreset.o
  CC      drivers/input/misc/gpio_axis.o
  CC      drivers/hid/hid-roccat-arvo.o
  CC      drivers/hid/hid-roccat-kone.o
  CC      drivers/input/keyboard/cypress/issp_driver_routines.o
  CC      fs/nfs/write.o
  CC      drivers/hid/hid-roccat-koneplus.o
  CC      drivers/gpu/mali400/r3p2/mali/common/mali_kernel_memory_engine.o
  CC      drivers/gpu/mali400/r3p2/mali/common/mali_block_allocator.o
  CC      net/core/netevent.o
  CC      kernel/relay.o
  LD      drivers/input/input-core.o
  CC      fs/nfs/namespace.o
  CC      drivers/input/misc/keychord.o
  CC      lib/kref.o
  CC      drivers/gpu/mali400/r3p2/mali/common/mali_kernel_mem_os.o
  CC      drivers/hid/hid-roccat-kovaplus.o
  CC      drivers/hid/hid-roccat-pyra.o
  CC      drivers/input/keyboard/cypress/issp_main.o
  CC      drivers/hid/hid-samsung.o
  CC      drivers/gpu/mali400/r3p2/mali/common/mali_mem_validation.o
  CC      lib/md5.o
/home/nian/CherryS-AOSP/drivers/input/keyboard/cypress/issp_main.c: In function 'ISSP_main':
/home/nian/CherryS-AOSP/drivers/input/keyboard/cypress/issp_main.c:645:16: warning: unused variable 'flags' [-Wunused-variable]
  CC      net/core/neighbour.o
  CC      drivers/input/misc/uinput.o
  CC      drivers/gpu/mali400/r3p2/mali/common/mali_hw_core.o
  CC      drivers/hid/hid-sjoy.o
  CC      drivers/hid/hid-sony.o
  CC      drivers/input/keyboard/cypress/issp_routines.o
  CC      lib/plist.o
  CC      drivers/hid/hid-sunplus.o
  CC      kernel/utsname_sysctl.o
  CC      drivers/gpu/mali400/r3p2/mali/common/mali_gp.o
  CC      fs/nfs/mount_clnt.o
  CC      lib/prio_heap.o
  CC      net/ipv4/inetpeer.o
  CC      drivers/hid/hid-gaff.o
  CC      drivers/hid/hid-tmff.o
  CC      drivers/hid/hid-topseed.o
  CC      kernel/elfcore.o
  CC      drivers/gpu/mali400/r3p2/mali/common/mali_pp.o
  CC      lib/prio_tree.o
  LD      drivers/input/misc/built-in.o
  CC      lib/proportions.o
  CC      fs/nfs/dns_resolve.o
  LD      drivers/input/keyboard/cypress/built-in.o
  LD      drivers/input/keyboard/built-in.o
  CC      kernel/sched_cpupri.o
  LD      drivers/input/built-in.o
  CC      drivers/hid/hid-twinhan.o
  CC      drivers/hid/hid-uclogic.o
  CC      drivers/input/serio/serio.o
  CC      drivers/hid/hid-zpff.o
  CC      lib/radix-tree.o
  CC      drivers/gpu/mali400/r3p2/mali/common/mali_pp_job.o
  CC      lib/ratelimit.o
  CC      fs/nfs/cache_lib.o
  CC      net/ipv4/protocol.o
  CC      kernel/time.o
  CC      drivers/hid/hid-zydacron.o
  CC      drivers/hid/hid-wacom.o
  CC      drivers/hid/hid-waltop.o
  CC      drivers/gpu/mali400/r3p2/mali/common/mali_gp_job.o
  CC      lib/rbtree.o
  CC      fs/nfs/nfs3proc.o
  CC      fs/nfs/nfs3xdr.o
  CC      drivers/gpu/mali400/r3p2/mali/common/mali_scheduler.o
  CC      lib/reciprocal_div.o
  CC      lib/rwsem-spinlock.o
  CC      drivers/hid/usbhid/hid-core.o
  LD      drivers/hid/hid.o
  CC      drivers/gpu/mali400/r3p2/mali/common/mali_gp_scheduler.o
  CC      drivers/input/serio/serport.o
  CC      drivers/input/serio/libps2.o
  CC      lib/sha1.o
  CC      drivers/gpu/mali400/r3p2/mali/common/mali_pp_scheduler.o
  CC      net/core/rtnetlink.o
  CC      net/ipv4/ip_input.o
  IKCFG   kernel/config_data.h
  CC      lib/show_mem.o
  CC      kernel/configs.o
  CC      drivers/gpu/mali400/r3p2/mali/common/mali_group.o
  CC      lib/string.o
  CC      drivers/gpu/mali400/r3p2/mali/common/mali_dlbu.o
  CC      lib/timerqueue.o
  LD      drivers/input/serio/built-in.o
  LD      kernel/built-in.o
  LD      drivers/iommu/built-in.o
  CC      drivers/leds/led-core.o
  CC      drivers/gpu/mali400/r3p2/mali/common/mali_broadcast.o
  CC      drivers/gpu/mali400/r3p2/mali/common/mali_pm.o
  CC      lib/vsprintf.o
  CC      drivers/gpu/mali400/r3p2/mali/common/mali_pmu.o
  GEN     lib/crc32table.h
  CC      drivers/leds/led-class.o
  CC      fs/nfs/nfs3acl.o
  CC      drivers/gpu/mali400/r3p2/mali/common/mali_user_settings_db.o
  CC      drivers/hid/usbhid/hid-quirks.o
  CC      fs/nfs/nfs4proc.o
  CC      fs/nfs/nfs4xdr.o
  CC      drivers/leds/leds-aat1290a.o
  CC      drivers/gpu/mali400/r3p2/mali/common/mali_kernel_utilization.o
  CC      net/ipv4/ip_fragment.o
  CC      drivers/gpu/mali400/r3p2/mali/common/mali_l2_cache.o
  CC      drivers/gpu/mali400/r3p2/mali/common/mali_pm_domain.o
  CC      drivers/leds/leds-an30259a.o
  CC      drivers/gpu/mali400/r3p2/mali/linux/mali_osk_pm.o
  LD      drivers/hid/usbhid/usbhid.o
  LD      drivers/hid/usbhid/built-in.o
  CC      drivers/gpu/mali400/r3p2/mali/linux/mali_pmu_power_up_down.o
  LD      drivers/hid/built-in.o
  CC      drivers/gpu/mali400/r3p2/mali/__malidrv_build_info.o
/home/nian/CherryS-AOSP/drivers/leds/leds-an30259a.c: In function 'store_an30259a_led_fade':
/home/nian/CherryS-AOSP/drivers/leds/leds-an30259a.c:663:24: warning: unused variable 'data' [-Wunused-variable]
  CC      drivers/gpu/mali400/r3p2/mali/platform/pegasus-m400/exynos4.o
  CC      drivers/gpu/mali400/r3p2/mali/platform/pegasus-m400/exynos4_pmm.o
/home/nian/CherryS-AOSP/fs/nfs/nfs4proc.c: In function '__nfs4_get_acl_uncached':
/home/nian/CherryS-AOSP/fs/nfs/nfs4proc.c:3600:2: warning: format '%ld' expects argument of type 'long int', but argument 4 has type 'size_t' [-Wformat]
/home/nian/CherryS-AOSP/fs/nfs/nfs4proc.c:3600:2: warning: format '%ld' expects argument of type 'long int', but argument 6 has type 'size_t' [-Wformat]
  LD      drivers/lguest/built-in.o
  CC      fs/nfs/nfs4state.o
  LD      drivers/macintosh/built-in.o
/home/nian/CherryS-AOSP/drivers/gpu/mali400/r3p2/mali/platform/pegasus-m400/exynos4_pmm.c:162:21: warning: 'asv_3d_volt_9_table_1ghz_type' defined but not used [-Wunused-variable]
/home/nian/CherryS-AOSP/drivers/gpu/mali400/r3p2/mali/platform/pegasus-m400/exynos4_pmm.c:215:21: warning: 'asv_3d_volt_9_table_for_prime' defined but not used [-Wunused-variable]
  CC      drivers/md/dm.o
  CC      net/core/utils.o
  CC      drivers/gpu/mali400/r3p2/mali/common/gpu_control.o
  CC      drivers/gpu/mali400/r3p2/mali/linux/mali_sync.o
  LD      drivers/leds/built-in.o
  CC      drivers/gpu/mali400/r3p2/mali/linux/mali_sync_user.o
  CC      drivers/media/media-device.o
  CC      fs/nfs/nfs4renewd.o
  CC      fs/nfs/delegation.o
  CC      net/ipv4/ip_forward.o
  CC      net/ipv4/ip_options.o
/home/nian/CherryS-AOSP/drivers/md/dm.c: In function 'split_bvec':
/home/nian/CherryS-AOSP/drivers/md/dm.c:1070:3: warning: statement with no effect [-Wunused-value]
/home/nian/CherryS-AOSP/drivers/md/dm.c: In function 'clone_bio':
/home/nian/CherryS-AOSP/drivers/md/dm.c:1097:3: warning: statement with no effect [-Wunused-value]
  CC      lib/crc32.o
  LD      drivers/gpu/mali400/r3p2/mali/mali.o
  LD      drivers/gpu/mali400/r3p2/mali/built-in.o
  CC      drivers/media/media-devnode.o
  AR      lib/lib.a
  LD      lib/built-in.o
  CC      drivers/gpu/mali400/r3p2/ump/common/ump_kernel_common.o
  CC      net/core/link_watch.o
  CC      net/core/filter.o
  CC      net/ipv4/ip_output.o
  CC      fs/nfs/idmap.o
  CC      drivers/media/media-entity.o
  CC      drivers/gpu/mali400/r3p2/ump/common/ump_kernel_descriptor_mapping.o
  CC      net/ipv4/ip_sockglue.o
  CC      drivers/md/dm-table.o
  CC      fs/nfs/callback.o
  CC      drivers/gpu/mali400/r3p2/ump/common/ump_kernel_api.o
  CC      fs/nfs/callback_xdr.o
  CC      fs/nfs/callback_proc.o
  CC      fs/nfs/nfs4namespace.o
/home/nian/CherryS-AOSP/drivers/md/dm-table.c: In function 'dm_table_set_integrity':
/home/nian/CherryS-AOSP/drivers/md/dm-table.c:1188:3: warning: statement with no effect [-Wunused-value]
  LD      drivers/media/common/tuners/built-in.o
  LD      drivers/media/common/built-in.o
  CC      drivers/gpu/mali400/r3p2/ump/common/ump_kernel_ref_drv.o
  CC      drivers/media/isdbt/fc8150/bbm.o
  CC      drivers/media/isdbt/fc8150/fc8150.o
  CC      drivers/media/isdbt/fc8150/fc8150_bb.o
  CC      drivers/gpu/mali400/r3p2/ump/linux/ump_kernel_linux.o
  CC      net/core/flow.o
  CC      drivers/media/isdbt/fc8150/fc8150_hpi.o
  CC      fs/nfs/pnfs.o
  CC      fs/nfs/pnfs_dev.o
  CC      drivers/media/isdbt/fc8150/fc8150_i2c.o
  CC      net/ipv4/inet_hashtables.o
  CC      fs/nfs/sysctl.o
  CC      drivers/md/dm-target.o
  CC      drivers/media/isdbt/fc8150/fc8150_isr.o
  CC      fs/nfs/nfs4filelayout.o
  CC      fs/nfs/nfs4filelayoutdev.o
  CC      drivers/media/isdbt/fc8150/fc8150_ppi.o
  CC      drivers/media/isdbt/fc8150/fc8150_spi.o
  CC      drivers/gpu/mali400/r3p2/ump/linux/ump_kernel_memory_backend_os.o
  CC      net/core/net-sysfs.o
  CC      drivers/media/isdbt/fc8150/fc8150_spib.o
  CC      net/ipv4/inet_timewait_sock.o
  CC      drivers/media/isdbt/fc8150/fc8150_tun.o
  CC      drivers/media/isdbt/fc8150/fci_bypass.o
  CC      drivers/gpu/mali400/r3p2/ump/linux/ump_kernel_memory_backend_dedicated.o
  CC      drivers/md/dm-linear.o
  CC      drivers/media/isdbt/fc8150/fci_hal.o
  CC      drivers/media/isdbt/fc8150/fci_i2c.o
  LD      drivers/media/radio/built-in.o
  CC      drivers/media/isdbt/fc8150/fci_oal.o
  CC      drivers/media/rc/keymaps/rc-adstech-dvb-t-pci.o
  CC      drivers/media/isdbt/fc8150/fci_ringbuffer.o
  CC      drivers/media/isdbt/fc8150/fci_tun.o
  CC      drivers/gpu/mali400/r3p2/ump/linux/ump_memory_backend.o
  CC      drivers/media/video/v4l2-dev.o
  CC      drivers/media/video/v4l2-ioctl.o
  CC      drivers/media/rc/keymaps/rc-alink-dtu-m.o
  CC      drivers/media/rc/keymaps/rc-anysee.o
  CC      net/ipv4/inet_connection_sock.o
  CC      drivers/md/dm-stripe.o
  CC      drivers/md/dm-ioctl.o
  LD      fs/nfs/nfs.o
  LD      drivers/media/isdbt/fc8150/built-in.o
  CC      drivers/gpu/mali400/r3p2/ump/linux/ump_ukk_wrappers.o
  LD      drivers/media/isdbt/built-in.o
  LD      fs/nfs/nfs_layout_nfsv41_files.o
  LD      fs/nfs/built-in.o
  CC      drivers/gpu/mali400/r3p2/ump/linux/ump_ukk_ref_wrappers.o
  CC      drivers/media/rc/keymaps/rc-apac-viewcomp.o
  CC      drivers/media/rc/keymaps/rc-asus-pc39.o
  CC      net/ipv4/tcp.o
  CC      fs/partitions/check.o
  CC      net/ipv4/tcp_input.o
  CC      net/core/fib_rules.o
  CC      drivers/media/rc/keymaps/rc-ati-tv-wonder-hd-600.o
  CC      drivers/media/rc/keymaps/rc-avermedia-a16d.o
  CC      drivers/media/video/v4l2-device.o
  CC      drivers/gpu/mali400/r3p2/ump/linux/ump_osk_atomics.o
  CC      drivers/md/dm-io.o
  CC      drivers/media/rc/keymaps/rc-avermedia.o
  CC      drivers/media/rc/keymaps/rc-avermedia-cardbus.o
  CC      drivers/gpu/mali400/r3p2/ump/linux/ump_osk_low_level_mem.o
  CC      drivers/md/dm-kcopyd.o
  CC      drivers/media/rc/keymaps/rc-avermedia-dvbt.o
  CC      fs/partitions/msdos.o
  CC      drivers/media/rc/keymaps/rc-avermedia-m135a.o
/home/nian/CherryS-AOSP/drivers/gpu/mali400/r3p2/ump/linux/ump_osk_low_level_mem.c:265:13: warning: '_ump_osk_msync_with_virt' defined but not used [-Wunused-function]
  CC      net/ipv4/tcp_output.o
  CC      drivers/media/video/v4l2-fh.o
  CC      drivers/media/rc/keymaps/rc-avermedia-m733a-rm-k6.o
  CC      drivers/gpu/mali400/r3p2/ump/linux/ump_osk_misc.o
  CC      drivers/media/rc/keymaps/rc-avermedia-rm-ks.o
  CC      drivers/md/dm-sysfs.o
  LD      drivers/gpu/mali400/r3p2/ump/ump.o
  LD      drivers/gpu/mali400/r3p2/ump/built-in.o
  CC      drivers/md/dm-crypt.o
  LD      drivers/gpu/stub/built-in.o
  CC      drivers/media/rc/keymaps/rc-avertv-303.o
  CC      drivers/media/rc/keymaps/rc-azurewave-ad-tu700.o
  LD      drivers/gpu/vga/built-in.o
  CC      drivers/media/video/v4l2-event.o
  LD      net/core/built-in.o
  LD      drivers/gpu/built-in.o
  CC      fs/partitions/efi.o
  CC      drivers/mfd/wm8994-core.o
  LD      drivers/md/dm-mod.o
  CC      drivers/media/rc/keymaps/rc-behold.o
  CC      drivers/media/rc/keymaps/rc-behold-columbus.o
  CC      drivers/media/rc/keymaps/rc-budget-ci-old.o
  CC      net/ipv6/af_inet6.o
  CC      drivers/media/rc/keymaps/rc-cinergy-1400.o
  CC      drivers/media/rc/keymaps/rc-cinergy.o
  CC      drivers/media/video/v4l2-ctrls.o
  LD      fs/partitions/built-in.o
  CC      drivers/media/video/v4l2-subdev.o
  CC      drivers/mfd/wm8994-irq.o
  CC      drivers/media/rc/keymaps/rc-dib0700-nec.o
  CC      fs/proc/mmu.o
  CC      drivers/media/rc/keymaps/rc-dib0700-rc5.o
  CC      drivers/media/rc/keymaps/rc-digitalnow-tinytwin.o
  CC      drivers/media/rc/keymaps/rc-digittrade.o
  CC      drivers/mfd/mfd-core.o
  CC      fs/proc/task_mmu.o
  CC      drivers/media/rc/keymaps/rc-dm1105-nec.o
  CC      drivers/media/video/v4l2-int-device.o
  CC      net/ipv4/tcp_timer.o
  LD      drivers/md/built-in.o
  CC      drivers/media/rc/keymaps/rc-dntv-live-dvb-t.o
  CC      drivers/media/rc/keymaps/rc-dntv-live-dvbt-pro.o
  CC      drivers/misc/lkdtm.o
  CC      drivers/media/rc/keymaps/rc-em-terratec.o
  CC      drivers/mfd/max77686.o
  CC      drivers/media/rc/keymaps/rc-encore-enltv2.o
  CC      drivers/media/rc/keymaps/rc-encore-enltv.o
  CC      drivers/media/video/v4l2-common.o
  CC      drivers/media/rc/keymaps/rc-encore-enltv-fm53.o
  CC      net/ipv6/anycast.o
  CC      drivers/media/video/s5c73m3.o
  CC      net/ipv4/tcp_ipv4.o
  CC      drivers/media/rc/keymaps/rc-evga-indtube.o
  CC      drivers/media/rc/keymaps/rc-eztv.o
  CC      fs/proc/inode.o
  CC      fs/proc/root.o
  CC      drivers/media/video/s5c73m3_spi.o
  CC      drivers/misc/uid_stat.o
  CC      drivers/mfd/max77686-irq.o
/home/nian/CherryS-AOSP/drivers/media/video/s5c73m3.c:229:12: warning: 's5c73m3_i2c_write_block' defined but not used [-Wunused-function]
/home/nian/CherryS-AOSP/drivers/media/video/s5c73m3.c:1134:12: warning: 's5c73m3_SPI_booting_by_ISP' defined but not used [-Wunused-function]
/home/nian/CherryS-AOSP/drivers/media/video/s5c73m3.c:3174:12: warning: 's5c73m3_FROM_booting' defined but not used [-Wunused-function]
/home/nian/CherryS-AOSP/drivers/media/video/s5c73m3_spi.c: In function 's5c73m3_spi_read':
/home/nian/CherryS-AOSP/drivers/media/video/s5c73m3_spi.c:79:5: warning: unused variable 'paddingData' [-Wunused-variable]
/home/nian/CherryS-AOSP/drivers/media/video/s5c73m3_spi.c:77:6: warning: unused variable 'z' [-Wunused-variable]
  CC      drivers/media/rc/keymaps/rc-flydvb.o
  CC      fs/proc/base.o
  CC      drivers/media/rc/keymaps/rc-flyvideo.o
  CC      net/ipv4/tcp_minisocks.o
  CC      drivers/media/video/videobuf2-cma-phys.o
  CC      fs/proc/generic.o
  CC      net/ipv4/tcp_cong.o
  LD      drivers/misc/2mic/built-in.o
  CC      fs/proc/array.o
  LD      drivers/misc/carma/built-in.o
  CC      drivers/media/rc/keymaps/rc-fusionhdtv-mce.o
  LD      drivers/misc/cb710/built-in.o
  CC      drivers/mfd/max77693.o
  CC      net/ipv6/ip6_output.o
  LD      drivers/misc/eeprom/built-in.o
  LD      drivers/misc/lis3lv02d/built-in.o
  LD      drivers/misc/ti-st/built-in.o
  CC      drivers/misc/max77693-muic.o
  CC      drivers/media/rc/keymaps/rc-gadmei-rm008z.o
/home/nian/CherryS-AOSP/drivers/misc/max77693-muic.c: In function 'uart_switch_init':
/home/nian/CherryS-AOSP/drivers/misc/max77693-muic.c:3112:11: warning: unused variable 'val' [-Wunused-variable]
/home/nian/CherryS-AOSP/drivers/misc/max77693-muic.c:3112:6: warning: unused variable 'ret' [-Wunused-variable]
/home/nian/CherryS-AOSP/drivers/misc/max77693-muic.c: At top level:
/home/nian/CherryS-AOSP/drivers/misc/max77693-muic.c:316:12: warning: 'max77693_muic_set_usb_path_pass2' defined but not used [-Wunused-function]
/home/nian/CherryS-AOSP/drivers/misc/max77693-muic.c:326:12: warning: 'max77693_muic_get_usb_path_pass2' defined but not used [-Wunused-function]
/home/nian/CherryS-AOSP/drivers/misc/max77693-muic.c:352:12: warning: 'max77693_muic_get_uart_path_pass2' defined but not used [-Wunused-function]
  CC      drivers/media/rc/keymaps/rc-genius-tvgo-a11mce.o
  CC      drivers/mfd/max77693-irq.o
  CC      fs/proc/proc_tty.o
  CC      fs/proc/cmdline.o
  CC      fs/proc/consoles.o
  CC      drivers/media/rc/keymaps/rc-gotview7135.o
  CC      drivers/media/video/videobuf2-core.o
  CC      fs/proc/cpuinfo.o
  LD      drivers/mfd/built-in.o
  CC      fs/proc/devices.o
  CC      fs/proc/interrupts.o
  CC      net/ipv4/datagram.o
  CC      drivers/misc/tzic.o
  CC      drivers/mmc/card/block.o
  CC      fs/proc/loadavg.o
  CC      drivers/misc/touch_wake.o
  CC      drivers/media/rc/keymaps/rc-imon-mce.o
  CC      fs/proc/meminfo.o
  CC      fs/proc/stat.o
  CC      net/ipv4/raw.o
  CC      fs/proc/uptime.o
  CC      fs/proc/version.o
  CC      drivers/media/rc/keymaps/rc-imon-pad.o
  LD      drivers/media/media.o
  CC      drivers/media/rc/keymaps/rc-iodata-bctv7e.o
  LD      drivers/misc/built-in.o
  CC      fs/proc/softirqs.o
  CC      drivers/motor/max77693_haptic.o
  CC      fs/proc/namespaces.o
  CC      fs/proc/proc_sysctl.o
  CC      drivers/media/rc/keymaps/rc-kaiomy.o
  CC      fs/proc/proc_net.o
/home/nian/CherryS-AOSP/drivers/mmc/card/block.c: In function 'mmc_blk_issue_rq':
/home/nian/CherryS-AOSP/drivers/mmc/card/block.c:1032:18: warning: 'arg' may be used uninitialized in this function [-Wmaybe-uninitialized]
/home/nian/CherryS-AOSP/drivers/mmc/card/block.c:998:25: note: 'arg' was declared here
/home/nian/CherryS-AOSP/drivers/mmc/card/block.c:1031:6: warning: 'nr' may be used uninitialized in this function [-Wmaybe-uninitialized]
/home/nian/CherryS-AOSP/drivers/mmc/card/block.c:998:21: note: 'nr' was declared here
/home/nian/CherryS-AOSP/drivers/mmc/card/block.c:1031:6: warning: 'from' may be used uninitialized in this function [-Wmaybe-uninitialized]
/home/nian/CherryS-AOSP/drivers/mmc/card/block.c:998:15: note: 'from' was declared here
  CC      fs/proc/kmsg.o
/home/nian/CherryS-AOSP/drivers/motor/max77693_haptic.c: In function 'haptic_timer_func':
/home/nian/CherryS-AOSP/drivers/motor/max77693_haptic.c:119:16: warning: unused variable 'flags' [-Wunused-variable]
  CC      drivers/media/rc/keymaps/rc-kworld-315u.o
  CC      net/ipv4/udp.o
  CC      drivers/media/rc/keymaps/rc-kworld-plus-tv-analog.o
  CC      drivers/media/video/videobuf2-memops.o
  CC      drivers/media/rc/keymaps/rc-leadtek-y04g0051.o
  CC      fs/proc/page.o
  CC      drivers/mmc/card/queue.o
  CC      drivers/motor/tspdrv.o
  CC      net/ipv4/udplite.o
  CC      net/ipv4/arp.o
  CC      drivers/media/rc/keymaps/rc-lirc.o
  CC      net/ipv4/icmp.o
  CC      drivers/media/rc/keymaps/rc-lme2510.o
  CC      drivers/media/video/v4l2-mem2mem.o
  CC      net/ipv6/ip6_input.o
  LD      fs/proc/proc.o
  CC      drivers/media/rc/keymaps/rc-manli.o
  LD      fs/proc/built-in.o
  LD      drivers/media/video/davinci/built-in.o
  CC      drivers/media/video/mhl/sii9234.o
  LD      fs/quota/built-in.o
  CC      drivers/media/video/exynos/fimc-is/fimc-is-core.o
  CC      fs/ramfs/inode.o
  LD      drivers/motor/vibrator.o
  LD      drivers/motor/built-in.o
  CC      drivers/net/mii.o
  CC      drivers/mmc/card/cprmdrv_samsung.o
  CC      drivers/media/rc/keymaps/rc-msi-digivox-ii.o
/home/nian/CherryS-AOSP/drivers/media/video/mhl/sii9234.c: In function 'sii9234_mhl_tx_i2c_probe':
/home/nian/CherryS-AOSP/drivers/media/video/mhl/sii9234.c:4088:2: warning: label 'err_exit2b' defined but not used [-Wunused-label]
/home/nian/CherryS-AOSP/drivers/media/video/mhl/sii9234.c: At top level:
/home/nian/CherryS-AOSP/drivers/media/video/mhl/sii9234.c:1120:13: warning: 'cbus_handle_wrt_burst_recd' defined but not used [-Wunused-function]
/home/nian/CherryS-AOSP/drivers/media/video/mhl/sii9234.c:2902:13: warning: 'cbus_command_response_all' defined but not used [-Wunused-function]
/home/nian/CherryS-AOSP/drivers/media/video/mhl/sii9234.c:3728:1: warning: 'dev_attr_mhl_read_reg' defined but not used [-Wunused-variable]
  CC      fs/ramfs/file-mmu.o
  CC      drivers/media/rc/keymaps/rc-msi-digivox-iii.o
  CC      drivers/media/video/samsung/fimc/fimc_v4l2.o
  CC      net/key/af_key.o
  CC      net/ipv4/devinet.o
  LD      fs/ramfs/ramfs.o
  LD      fs/ramfs/built-in.o
  LD      drivers/mmc/card/mmc_block.o
  CC      fs/sysfs/inode.o
  LD      drivers/mmc/card/built-in.o
  CC      net/ipv6/addrconf.o
  CC      drivers/media/video/exynos/fimc-is/fimc-is-v4l2.o
  CC      drivers/mmc/core/core.o
  CC      drivers/media/rc/keymaps/rc-msi-tvanywhere.o
  CC      drivers/net/Space.o
  CC      net/ipv4/af_inet.o
  CC      drivers/media/rc/keymaps/rc-msi-tvanywhere-plus.o
  CC      net/ipv4/igmp.o
  CC      fs/sysfs/file.o
  CC      drivers/media/video/samsung/fimc/fimc_output.o
  CC      drivers/media/rc/keymaps/rc-nebula.o
  LD      drivers/media/video/mhl/built-in.o
  CC      drivers/media/rc/keymaps/rc-nec-terratec-cinergy-xs.o
  CC      drivers/net/loopback.o
  CC      drivers/media/rc/keymaps/rc-norwood.o
  CC      drivers/media/rc/keymaps/rc-npgtech.o
  CC      fs/sysfs/dir.o
  CC      drivers/media/rc/keymaps/rc-pctv-sedna.o
  CC      drivers/mmc/core/bus.o
  CC      drivers/media/rc/keymaps/rc-pinnacle-color.o
  CC      drivers/net/ppp_generic.o
  CC      net/ipv4/fib_frontend.o
  CC      drivers/media/rc/keymaps/rc-pinnacle-grey.o
  CC      net/ipv4/fib_semantics.o
  CC      drivers/media/rc/keymaps/rc-pinnacle-pctv-hd.o
  LD      net/key/built-in.o
  CC      drivers/mmc/core/host.o
  CC      net/netfilter/core.o
  CC      fs/sysfs/symlink.o
  CC      drivers/media/rc/keymaps/rc-pixelview.o
  CC      drivers/media/rc/keymaps/rc-pixelview-mk12.o
  CC      drivers/media/rc/keymaps/rc-pixelview-002t.o
  CC      net/ipv4/fib_trie.o
  CC      net/ipv6/addrlabel.o
  CC      drivers/media/video/samsung/fimc/fimc_overlay.o
  CC      drivers/media/video/samsung/fimc/fimc_regs.o
  CC      drivers/media/rc/keymaps/rc-pixelview-new.o
  CC      fs/sysfs/mount.o
  CC      drivers/mmc/core/mmc.o
  CC      drivers/media/video/exynos/fimc-is/fimc-is-helper.o
  CC      net/ipv4/inet_fragment.o
  CC      drivers/media/rc/keymaps/rc-powercolor-real-angel.o
  CC      net/netfilter/nf_log.o
  CC      net/ipv4/ping.o
  CC      drivers/media/video/samsung/fimc/fimc_capture.o
  CC      fs/sysfs/bin.o
  CC      drivers/media/rc/keymaps/rc-proteus-2309.o
  CC      drivers/mmc/core/mmc_ops.o
  CC      drivers/net/ppp_deflate.o
  CC      net/ipv6/route.o
  CC      drivers/media/rc/keymaps/rc-purpletv.o
  CC      drivers/media/video/samsung/fimc/fimc_dev.o
  CC      drivers/net/bsd_comp.o
  CC      fs/sysfs/group.o
  CC      drivers/media/rc/keymaps/rc-pv951.o
  CC      drivers/media/rc/keymaps/rc-hauppauge.o
  CC      net/netfilter/nf_queue.o
  CC      drivers/net/ppp_mppe.o
  CC      drivers/mmc/core/sd.o
  CC      drivers/media/video/exynos/fimc-is/fimc-is-err.o
  CC      net/ipv4/sysctl_net_ipv4.o
/home/nian/CherryS-AOSP/drivers/media/video/samsung/fimc/fimc_dev.c: In function 'fimc_release':
/home/nian/CherryS-AOSP/drivers/media/video/samsung/fimc/fimc_dev.c:1582:26: warning: unused variable 'pdev' [-Wunused-variable]
  CC      drivers/media/rc/keymaps/rc-rc6-mce.o
  CC      drivers/media/rc/keymaps/rc-real-audio-220-32-keys.o
  LD      fs/sysfs/built-in.o
  CC      net/ipv4/sysfs_net_ipv4.o
  CC      fs/udf/balloc.o
  CC      drivers/media/rc/keymaps/rc-streamzap.o
  CC      drivers/media/rc/keymaps/rc-tbs-nec.o
  CC      drivers/net/pppox.o
  CC      drivers/mmc/core/sd_ops.o
  CC      drivers/media/video/exynos/fimc-is/fimc-is-mem.o
  CC      drivers/media/video/samsung/fimc/csis.o
  CC      drivers/media/rc/keymaps/rc-technisat-usb2.o
  CC      drivers/media/rc/keymaps/rc-terratec-cinergy-xs.o
  CC      net/netfilter/nf_sockopt.o
  CC      fs/udf/dir.o
  CC      drivers/nfc/pn65n.o
/home/nian/CherryS-AOSP/drivers/media/video/samsung/fimc/csis.c: In function 's3c_csis_start':
/home/nian/CherryS-AOSP/drivers/media/video/samsung/fimc/csis.c:233:6: warning: unused variable 'i' [-Wunused-variable]
/home/nian/CherryS-AOSP/drivers/media/video/samsung/fimc/csis.c: In function 's3c_csis_irq':
/home/nian/CherryS-AOSP/drivers/media/video/samsung/fimc/csis.c:304:6: warning: unused variable 'bufnum' [-Wunused-variable]
  CC      net/ipv4/proc.o
  CC      net/ipv4/fib_rules.o
  CC      drivers/media/rc/keymaps/rc-terratec-slim.o
  CC      net/ipv6/ip6_fib.o
  CC      drivers/mmc/core/sdio.o
  CC      net/ipv6/ipv6_sockglue.o
  LD      drivers/media/video/exynos/fimc-is/built-in.o
  LD      drivers/media/video/samsung/fimc/built-in.o
  CC      drivers/net/pppolac.o
  CC      drivers/media/video/exynos/fimc-lite/fimc-lite-core.o
  CC      drivers/media/video/samsung/fimg2d4x-exynos4/fimg2d_drv.o
  CC      drivers/media/rc/keymaps/rc-terratec-slim-2.o
  CC      fs/udf/file.o
  LD      drivers/nfc/built-in.o
  LD      drivers/platform/built-in.o
  CC      drivers/power/power_supply_core.o
  CC      net/ipv4/esp4.o
  CC      drivers/media/rc/keymaps/rc-tevii-nec.o
/home/nian/CherryS-AOSP/drivers/media/video/exynos/fimc-lite/fimc-lite-core.c: In function 'flite_probe':
/home/nian/CherryS-AOSP/drivers/media/video/exynos/fimc-lite/fimc-lite-core.c:2143:1: warning: label 'err_resource' defined but not used [-Wunused-label]
/home/nian/CherryS-AOSP/drivers/media/video/exynos/fimc-lite/fimc-lite-core.c:2135:1: warning: label 'err_device_register' defined but not used [-Wunused-label]
  CC      net/netfilter/nf_conntrack_core.o
  CC      drivers/media/rc/keymaps/rc-tivo.o
  CC      net/ipv4/tunnel4.o
  CC      drivers/power/power_supply_sysfs.o
  CC      fs/udf/ialloc.o
  CC      drivers/mmc/core/sdio_ops.o
  CC      drivers/media/video/samsung/fimg2d4x-exynos4/fimg2d_ctx.o
  CC      drivers/media/video/exynos/fimc-lite/fimc-lite-reg.o
  CC      drivers/net/pppopns.o
  CC      drivers/media/rc/keymaps/rc-total-media-in-hand.o
  CC      net/ipv6/ndisc.o
/home/nian/CherryS-AOSP/net/netfilter/nf_conntrack_core.c: In function 'nf_conntrack_init':  CC      drivers/power/samsung_fake_battery.o

/home/nian/CherryS-AOSP/net/netfilter/nf_conntrack_core.c:1594:3: warning: the comparison will always evaluate as 'true' for the address of 'nf_conntrack_attach' will never be NULL [-Waddress]
/home/nian/CherryS-AOSP/net/netfilter/nf_conntrack_core.c:1595:3: warning: the comparison will always evaluate as 'true' for the address of 'destroy_conntrack' will never be NULL [-Waddress]
  CC      drivers/mmc/core/sdio_bus.o
  CC      fs/udf/inode.o
  CC      drivers/media/rc/keymaps/rc-trekstor.o
  CC      net/ipv4/xfrm4_mode_transport.o
  CC      drivers/media/video/samsung/fimg2d4x-exynos4/fimg2d_cache.o
  CC      net/ipv6/udp.o
  LD      drivers/media/video/exynos/fimc-lite/fimc-lite.o
  LD      drivers/media/video/exynos/fimc-lite/built-in.o
  CC      drivers/media/video/exynos/mdev/exynos-mdev.o
  LD      drivers/power/power_supply.o
  CC      drivers/net/slhc.o
  LD      drivers/power/built-in.o
  CC      drivers/regulator/core.o
  CC      net/ipv4/xfrm4_mode_tunnel.o
  CC      drivers/media/rc/keymaps/rc-tt-1500.o
  CC      drivers/media/video/samsung/fimg2d4x-exynos4/fimg2d_clk.o
  CC      drivers/mmc/core/sdio_cis.o
  CC      drivers/media/rc/keymaps/rc-twinhan1027.o
  LD      drivers/media/video/exynos/mdev/mdev.o
  LD      drivers/media/video/exynos/mdev/built-in.o
  LD      drivers/media/video/exynos/rotator/built-in.o
  LD      drivers/media/video/exynos/built-in.o
  CC      drivers/media/video/samsung/fimg2d4x-exynos4/fimg2d_helper.o
  CC      net/ipv4/netfilter.o
  CC      drivers/media/video/ir-kbd-i2c.o
  CC      drivers/mmc/core/sdio_io.o
  CC      drivers/media/rc/keymaps/rc-videomate-m1f.o
  CC      net/netfilter/nf_conntrack_standalone.o
  CC      drivers/media/video/samsung/fimg2d4x-exynos4/fimg2d4x_blt.o
  CC      net/ipv4/netfilter/nf_nat_rule.o
  CC      fs/udf/lowlevel.o
  CC      drivers/media/rc/keymaps/rc-videomate-s350.o
  LD      drivers/media/video/videodev.o
  CC      net/netfilter/nf_conntrack_expect.o
  CC      drivers/net/tun.o
  CC      net/ipv6/udplite.o
  CC      drivers/mmc/core/sdio_irq.o
  CC      drivers/regulator/dummy.o
  CC      drivers/media/rc/keymaps/rc-videomate-tv-pvr.o
  CC      drivers/media/video/samsung/fimg2d4x-exynos4/fimg2d4x_hw.o
  CC      fs/udf/namei.o
  CC      drivers/media/rc/keymaps/rc-winfast.o
  CC      net/ipv6/raw.o
  CC      drivers/regulator/fixed.o
  CC      net/ipv4/inet_diag.o
  CC      drivers/mmc/core/quirks.o
  CC      net/netfilter/nf_conntrack_helper.o
  CC      net/ipv4/netfilter/nf_nat_standalone.o
  CC      net/ipv6/protocol.o
  CC      drivers/media/rc/keymaps/rc-winfast-usbii-deluxe.o
  CC      drivers/regulator/max77686.o
  LD      drivers/media/video/samsung/fimg2d4x-exynos4/built-in.o
  CC      drivers/media/video/samsung/jpeg_v2x/jpeg_dev.o
  CC      drivers/mmc/core/debugfs.o
  CC      net/netfilter/nf_conntrack_proto.o
  LD      drivers/media/rc/keymaps/built-in.o
/home/nian/CherryS-AOSP/net/ipv4/netfilter/nf_nat_standalone.c: In function 'nf_nat_standalone_init':
/home/nian/CherryS-AOSP/net/ipv4/netfilter/nf_nat_standalone.c:289:2: warning: the comparison will always evaluate as 'true' for the address of 'nat_decode_session' will never be NULL [-Waddress]
  CC      drivers/media/rc/rc-main.o
  CC      fs/udf/partition.o
  CC      net/netfilter/nf_conntrack_l3proto_generic.o
/home/nian/CherryS-AOSP/net/netfilter/nf_conntrack_proto.c: In function 'nf_conntrack_l3proto_unregister':
/home/nian/CherryS-AOSP/net/netfilter/nf_conntrack_proto.c:210:2: warning: the comparison will always evaluate as 'true' for the address of 'nf_conntrack_l3proto_generic' will never be NULL [-Waddress]
/home/nian/CherryS-AOSP/net/netfilter/nf_conntrack_proto.c: In function 'nf_conntrack_l4proto_unregister':
/home/nian/CherryS-AOSP/net/netfilter/nf_conntrack_proto.c:345:2: warning: the comparison will always evaluate as 'true' for the address of 'nf_conntrack_l4proto_generic' will never be NULL [-Waddress]
/home/nian/CherryS-AOSP/net/netfilter/nf_conntrack_proto.c: In function 'nf_conntrack_proto_init':
/home/nian/CherryS-AOSP/net/netfilter/nf_conntrack_proto.c:370:3: warning: the comparison will always evaluate as 'true' for the address of 'nf_conntrack_l3proto_generic' will never be NULL [-Waddress]
  LD      drivers/net/arm/built-in.o
  CC      drivers/net/usb/asix.o
  CC      drivers/regulator/max77693.o
  LD      drivers/mmc/core/mmc_core.o
  LD      drivers/mmc/core/built-in.o
  CC      net/ipv4/netfilter/nf_conntrack_l3proto_ipv4_compat.o
  CC      drivers/mmc/host/mshci.o
  CC      net/ipv6/icmp.o
/home/nian/CherryS-AOSP/drivers/regulator/max77693.c: In function 'max77693_pmic_probe':
/home/nian/CherryS-AOSP/drivers/regulator/max77693.c:517:2: warning: label 'err_alloc' defined but not used [-Wunused-label]
  CC      drivers/media/video/samsung/jpeg_v2x/jpeg_dec.o
  CC      net/netfilter/nf_conntrack_proto_generic.o
  CC      net/ipv4/tcp_diag.o
  CC      fs/udf/super.o
  CC      net/ipv6/mcast.o
  CC      drivers/regulator/wm8994-regulator.o
  CC      drivers/net/usb/cdc_ether.o
  CC      drivers/media/rc/ir-raw.o
/home/nian/CherryS-AOSP/drivers/regulator/wm8994-regulator.c: In function 'wm8994_ldo1_get_voltage_sel':
/home/nian/CherryS-AOSP/drivers/regulator/wm8994-regulator.c:98:6: warning: unused variable 'val' [-Wunused-variable]
/home/nian/CherryS-AOSP/drivers/regulator/wm8994-regulator.c: In function 'wm8994_ldo2_get_voltage_sel':
/home/nian/CherryS-AOSP/drivers/regulator/wm8994-regulator.c:168:6: warning: unused variable 'val' [-Wunused-variable]
  LD      drivers/regulator/built-in.o
  CC      net/netfilter/nf_conntrack_proto_tcp.o
  CC      drivers/rtc/rtc-lib.o
  CC      drivers/media/video/samsung/jpeg_v2x/jpeg_enc.o
  CC      net/ipv4/netfilter/nf_conntrack_l3proto_ipv4.o
  CC      net/netfilter/nf_conntrack_proto_udp.o
  CC      net/ipv4/tcp_cubic.o
  CC      drivers/mmc/host/mshci-s3c.o
  CC      drivers/rtc/hctosys.o
  CC      drivers/media/rc/lirc_dev.o
/home/nian/CherryS-AOSP/drivers/mmc/host/mshci-s3c.c:603:13: warning: 'mshci_s3c_shutdown' defined but not used [-Wunused-function]
  CC      drivers/net/usb/net1080.o
  CC      net/ipv6/reassembly.o
  CC      net/netfilter/nf_conntrack_extend.o
  CC      drivers/rtc/class.o
  CC      drivers/media/video/samsung/jpeg_v2x/jpeg_regs.o
  CC      fs/udf/truncate.o
  CC      drivers/mmc/host/sdhci.o
  CC      net/ipv4/netfilter/nf_conntrack_proto_icmp.o
  CC      drivers/media/rc/ir-nec-decoder.o
  CC      drivers/media/rc/ir-rc5-decoder.o
  CC      net/ipv4/xfrm4_policy.o
  CC      fs/udf/symlink.o
  CC      drivers/rtc/interface.o
  CC      drivers/net/usb/cdc_subset.o
  CC      net/ipv6/tcp_ipv6.o
  CC      drivers/media/rc/ir-rc6-decoder.o
  CC      drivers/media/video/samsung/jpeg_v2x/jpeg_mem.o
  CC      net/netfilter/nf_conntrack_acct.o
  CC      drivers/media/rc/ir-jvc-decoder.o
  CC      fs/udf/directory.o
  CC      net/ipv4/netfilter/nf_nat_core.o
  CC      drivers/net/usb/zaurus.o
  CC      drivers/media/rc/ir-sony-decoder.o
  CC      net/ipv6/exthdrs.o
  CC      drivers/media/rc/ir-rc5-sz-decoder.o
  LD      drivers/media/video/samsung/jpeg_v2x/built-in.o
  CC      net/ipv4/xfrm4_state.o
  CC      fs/udf/misc.o
  CC      drivers/media/video/samsung/mfc5x/mfc_dev.o
  CC      drivers/rtc/rtc-dev.o
  CC      net/netfilter/nf_conntrack_ecache.o
  CC      drivers/media/rc/ir-lirc-codec.o
/home/nian/CherryS-AOSP/net/ipv4/netfilter/nf_nat_core.c: In function 'nf_nat_protocol_unregister':
/home/nian/CherryS-AOSP/net/ipv4/netfilter/nf_nat_core.c:528:2: warning: the comparison will always evaluate as 'true' for the address of 'nf_nat_unknown_protocol' will never be NULL [-Waddress]
/home/nian/CherryS-AOSP/net/ipv4/netfilter/nf_nat_core.c: In function 'nf_nat_init':
/home/nian/CherryS-AOSP/net/ipv4/netfilter/nf_nat_core.c:739:3: warning: the comparison will always evaluate as 'true' for the address of 'nf_nat_unknown_protocol' will never be NULL [-Waddress]
/home/nian/CherryS-AOSP/net/ipv4/netfilter/nf_nat_core.c:740:2: warning: the comparison will always evaluate as 'true' for the address of 'nf_nat_protocol_tcp' will never be NULL [-Waddress]
/home/nian/CherryS-AOSP/net/ipv4/netfilter/nf_nat_core.c:741:2: warning: the comparison will always evaluate as 'true' for the address of 'nf_nat_protocol_udp' will never be NULL [-Waddress]
/home/nian/CherryS-AOSP/net/ipv4/netfilter/nf_nat_core.c:742:2: warning: the comparison will always evaluate as 'true' for the address of 'nf_nat_protocol_icmp' will never be NULL [-Waddress]
/home/nian/CherryS-AOSP/net/ipv4/netfilter/nf_nat_core.c:751:2: warning: the comparison will always evaluate as 'true' for the address of 'nf_nat_seq_adjust' will never be NULL [-Waddress]
/home/nian/CherryS-AOSP/net/ipv4/netfilter/nf_nat_core.c:753:2: warning: the comparison will always evaluate as 'true' for the address of 'nfnetlink_parse_nat_setup' will never be NULL [-Waddress]
/home/nian/CherryS-AOSP/net/ipv4/netfilter/nf_nat_core.c:756:2: warning: the comparison will always evaluate as 'true' for the address of 'nf_nat_get_offset' will never be NULL [-Waddress]
  LD      drivers/media/rc/rc-core.o
  CC      fs/udf/udftime.o
  CC      fs/udf/unicode.o
  CC      drivers/mmc/host/sdhci-s3c.o
  CC      drivers/rtc/rtc-proc.o
  CC      drivers/net/usb/usbnet.o
/home/nian/CherryS-AOSP/drivers/mmc/host/sdhci-s3c.c:352:12: warning: 'sdhci_s3c_get_card_exist' defined but not used [-Wunused-function]
  CC      net/ipv4/xfrm4_input.o
  CC      drivers/media/video/samsung/mfc5x/mfc_dec.o
  CC      drivers/rtc/rtc-sysfs.o
  CC      drivers/rtc/alarm.o
  LD      fs/udf/udf.o
  LD      drivers/media/rc/built-in.o
  LD      fs/udf/built-in.o
  CC      fs/eventpoll.o
  LD      drivers/mmc/host/built-in.o
  CC      drivers/media/video/samsung/tvout/s5p_tvout.o
  CC      net/netfilter/nf_conntrack_h323_main.o
  LD      drivers/mmc/built-in.o
  CC      net/ipv4/netfilter/nf_nat_helper.o
  CC      net/ipv6/datagram.o
  CC      drivers/scsi/scsi.o
  CC      net/ipv6/ip6_flowlabel.o
/home/nian/CherryS-AOSP/drivers/media/video/samsung/tvout/s5p_tvout.c: In function 'hdmi_set_audio_store':
/home/nian/CherryS-AOSP/drivers/media/video/samsung/tvout/s5p_tvout.c:87:8: warning: unused variable 'after' [-Wunused-variable]
  CC      fs/anon_inodes.o
/home/nian/CherryS-AOSP/drivers/media/video/samsung/tvout/s5p_tvout.c: In function 's5p_tvout_probe':
/home/nian/CherryS-AOSP/drivers/media/video/samsung/tvout/s5p_tvout.c:473:1: warning: label 'err_ioremap' defined but not used [-Wunused-label]
/home/nian/CherryS-AOSP/drivers/media/video/samsung/tvout/s5p_tvout.c:290:15: warning: unused variable 'vp_buff_vir_addr' [-Wunused-variable]
/home/nian/CherryS-AOSP/drivers/media/video/samsung/tvout/s5p_tvout.c:286:6: warning: unused variable 'ret' [-Wunused-variable]
/home/nian/CherryS-AOSP/drivers/media/video/samsung/tvout/s5p_tvout.c:285:18: warning: unused variable 'mem_info' [-Wunused-variable]
  CC      drivers/media/video/samsung/mfc5x/mfc_enc.o
  CC      drivers/media/video/samsung/tvout/s5p_tvout_v4l2.o
  CC      drivers/rtc/alarm-dev.o
  CC      drivers/net/usb/cdc_ncm.o
  CC      net/ipv4/xfrm4_output.o
  CC      fs/signalfd.o
  CC      fs/timerfd.o
  CC      drivers/rtc/rtc-max77686.o
  CC      drivers/media/video/samsung/mfc5x/mfc_inst.o
  CC      net/ipv6/inet6_connection_sock.o
  CC      drivers/scsi/hosts.o
  CC      net/ipv4/netfilter/nf_nat_proto_unknown.o
  CC      drivers/media/video/samsung/tvout/s5p_tvout_fb.o
  CC      fs/eventfd.o
  CC      drivers/media/video/samsung/mfc5x/mfc_cmd.o
  CC      net/ipv6/sysctl_net_ipv6.o
  CC      net/netfilter/nf_conntrack_h323_asn1.o
  CC      fs/locks.o
  CC      drivers/net/usb/rmnet_usb_ctrl.o
  CC      fs/binfmt_misc.o
  CC      drivers/rtc/rtc-s3c.o
  CC      net/ipv4/netfilter/nf_nat_proto_common.o
  CC      drivers/media/video/samsung/mfc5x/mfc_shm.o
/home/nian/CherryS-AOSP/drivers/net/usb/rmnet_usb_ctrl.c:427:12: warning: 'usb_anchor_len' defined but not used [-Wunused-function]
  CC      drivers/scsi/scsi_ioctl.o
  CC      drivers/media/video/samsung/tvout/s5p_tvout_common_lib.o
  CC      net/netfilter/nfnetlink.o
  CC      fs/binfmt_script.o
  CC      drivers/media/video/samsung/mfc5x/mfc_reg.o
  CC      net/ipv6/xfrm6_policy.o
  CC      drivers/media/video/samsung/mfc5x/mfc_buf.o
  CC      drivers/media/video/samsung/tvout/s5p_mixer_ctrl.o
  LD      drivers/rtc/rtc-core.o
  CC      fs/binfmt_elf.o
  LD      drivers/rtc/built-in.o
  CC      fs/mbcache.o
  CC      net/netlink/af_netlink.o
  CC      drivers/sensor/sensors_core.o
  CC      drivers/net/usb/rmnet_usb_data.o
  CC      net/ipv4/netfilter/nf_nat_proto_tcp.o
  CC      drivers/scsi/constants.o
  CC      drivers/media/video/samsung/mfc5x/mfc_pm.o
  CC      drivers/sensor/lsm330dlc_accel.o
  CC      net/netfilter/nfnetlink_queue.o
  CC      fs/posix_acl.o
  CC      drivers/media/video/samsung/tvout/s5p_vp_ctrl.o
  CC      fs/xattr_acl.o
  CC      net/ipv6/xfrm6_state.o
  CC      drivers/media/video/samsung/mfc5x/mfc_ctrl.o
  LD      drivers/net/usb/rmnet_usb.o
  LD      drivers/net/usb/built-in.o
  CC      net/ipv4/netfilter/nf_nat_proto_udp.o
  CC      fs/generic_acl.o
  CC      drivers/media/video/samsung/tvout/s5p_tvif_ctrl.o
  CC      fs/dyn_sync_cntrl.o
  CC      drivers/media/video/samsung/mfc5x/mfc_mem.o
  CC      drivers/scsi/scsicam.o
  CC      drivers/sensor/lsm330dlc_gyro.o
  LD      drivers/net/wireless/bcmdhd/built-in.o
  CC [M]  drivers/net/wireless/bcmdhd/bcmsdh.o
  CC      drivers/media/video/samsung/tvout/s5p_tvout_hpd.o
  CC      net/netfilter/nfnetlink_log.o
  LD      net/netfilter/nf_conntrack.o
  LD      fs/built-in.o
  CC      net/netfilter/nf_conntrack_proto_dccp.o
  CC      net/ipv6/xfrm6_input.o
  LD      drivers/media/video/samsung/mfc5x/built-in.o
  CC      net/ipv6/xfrm6_output.o
  CC      drivers/media/video/samsung/tvout/hw_if/mixer.o
  CC      net/ipv4/netfilter/nf_nat_proto_icmp.o
  CC      net/netlink/genetlink.o
  CC      drivers/scsi/scsi_error.o
  CC      drivers/scsi/scsi_lib.o
  CC [M]  drivers/net/wireless/bcmdhd/bcmsdh_linux.o
  CC      drivers/sensor/ak8975.o
  CC      drivers/media/video/samsung/tvout/hw_if/vp.o
  LD      drivers/net/wireless/btlock/built-in.o
  CC      net/ipv4/netfilter/nf_defrag_ipv4.o
  CC [M]  drivers/net/wireless/btlock/btlock.o
  CC      net/netfilter/nf_conntrack_proto_gre.o
  CC      net/ipv6/netfilter.o
  CC      net/ipv6/fib6_rules.o
  CC      net/netfilter/nf_conntrack_proto_sctp.o
  CC      drivers/media/video/samsung/tvout/hw_if/hdmi.o
  CC      drivers/sensor/cm36651.o
  CC      drivers/sensor/lps331ap.o
  LD      net/netlink/built-in.o
  CC      drivers/media/video/samsung/tvout/hw_if/hdcp.o
  CC      net/packet/af_packet.o
  CC [M]  drivers/net/wireless/bcmdhd/bcmsdh_sdmmc.o
  CC      net/ipv4/netfilter/nf_nat_amanda.o
  CC      net/ipv6/proc.o
  CC      net/netfilter/nf_conntrack_proto_udplite.o
  CC      net/netfilter/nf_conntrack_netlink.o
  CC      drivers/scsi/scsi_lib_dma.o
  CC      net/ipv6/ah6.o
  CC      net/ipv6/esp6.o
  LD      drivers/sensor/built-in.o
  CC      net/ipv6/ipcomp6.o
  CC      net/netfilter/nf_conntrack_amanda.o
/home/nian/CherryS-AOSP/net/ipv4/netfilter/nf_nat_amanda.c: In function 'nf_nat_amanda_init':
/home/nian/CherryS-AOSP/net/ipv4/netfilter/nf_nat_amanda.c:80:2: warning: the comparison will always evaluate as 'true' for the address of 'help' will never be NULL [-Waddress]
  LD      drivers/media/video/samsung/tvout/hw_if/built-in.o
  LD      drivers/media/video/samsung/tvout/built-in.o
  LD      drivers/media/video/samsung/built-in.o
  LD      drivers/media/video/built-in.o
  CC      net/ipv4/netfilter/nf_nat_ftp.o
  CC      drivers/scsi/scsi_scan.o
  LD      drivers/media/built-in.o
  CC      net/netfilter/nf_conntrack_ftp.o
  LD      net/netfilter/nf_conntrack_h323.o
  CC      net/netfilter/nf_conntrack_irc.o
  CC [M]  drivers/net/wireless/bcmdhd/bcmsdh_sdmmc_linux.o
  CC      drivers/spi/spi.o
  CC      net/ipv6/xfrm6_tunnel.o
  CC      net/ipv6/tunnel6.o
/home/nian/CherryS-AOSP/net/ipv4/netfilter/nf_nat_ftp.c: In function 'nf_nat_ftp_init':
/home/nian/CherryS-AOSP/net/ipv4/netfilter/nf_nat_ftp.c:123:2: warning: the comparison will always evaluate as 'true' for the address of 'nf_nat_ftp' will never be NULL [-Waddress]
  CC      net/ipv6/xfrm6_mode_transport.o
  CC      net/netfilter/nf_conntrack_broadcast.o
  LD      net/packet/built-in.o
  CC      net/phonet/pn_dev.o
  CC      net/ipv4/netfilter/nf_nat_h323.o
  CC      net/netfilter/nf_conntrack_netbios_ns.o
  CC [M]  drivers/net/wireless/bcmdhd/dhd_cdc.o
  CC      drivers/spi/spi_bitbang.o
  CC      net/netfilter/nf_conntrack_pptp.o
  CC      drivers/scsi/scsi_sysfs.o
  CC      net/ipv6/xfrm6_mode_tunnel.o
  CC      net/ipv6/xfrm6_mode_beet.o
  CC      net/netfilter/nf_conntrack_sane.o
  CC      net/netfilter/nf_conntrack_tftp.o
/home/nian/CherryS-AOSP/net/ipv4/netfilter/nf_nat_h323.c: In function 'init':
/home/nian/CherryS-AOSP/net/ipv4/netfilter/nf_nat_h323.c:584:2: warning: the comparison will always evaluate as 'true' for the address of 'set_h245_addr' will never be NULL [-Waddress]
/home/nian/CherryS-AOSP/net/ipv4/netfilter/nf_nat_h323.c:585:2: warning: the comparison will always evaluate as 'true' for the address of 'set_h225_addr' will never be NULL [-Waddress]
/home/nian/CherryS-AOSP/net/ipv4/netfilter/nf_nat_h323.c:586:2: warning: the comparison will always evaluate as 'true' for the address of 'set_sig_addr' will never be NULL [-Waddress]
/home/nian/CherryS-AOSP/net/ipv4/netfilter/nf_nat_h323.c:587:2: warning: the comparison will always evaluate as 'true' for the address of 'set_ras_addr' will never be NULL [-Waddress]
/home/nian/CherryS-AOSP/net/ipv4/netfilter/nf_nat_h323.c:588:2: warning: the comparison will always evaluate as 'true' for the address of 'nat_rtp_rtcp' will never be NULL [-Waddress]
/home/nian/CherryS-AOSP/net/ipv4/netfilter/nf_nat_h323.c:589:2: warning: the comparison will always evaluate as 'true' for the address of 'nat_t120' will never be NULL [-Waddress]
/home/nian/CherryS-AOSP/net/ipv4/netfilter/nf_nat_h323.c:590:2: warning: the comparison will always evaluate as 'true' for the address of 'nat_h245' will never be NULL [-Waddress]
/home/nian/CherryS-AOSP/net/ipv4/netfilter/nf_nat_h323.c:591:2: warning: the comparison will always evaluate as 'true' for the address of 'nat_callforwarding' will never be NULL [-Waddress]
/home/nian/CherryS-AOSP/net/ipv4/netfilter/nf_nat_h323.c:592:2: warning: the comparison will always evaluate as 'true' for the address of 'nat_q931' will never be NULL [-Waddress]
  CC      net/ipv6/mip6.o
  CC      drivers/spi/spi_gpio.o
  CC      net/netfilter/nf_tproxy_core.o
  CC      net/phonet/pn_netlink.o
  CC      net/ipv4/netfilter/nf_nat_irc.o
  CC      drivers/spi/spi_s3c64xx.o
  CC      net/ipv6/sit.o
  CC      net/netfilter/x_tables.o
  CC      net/ipv6/netfilter/ip6_tables.o
  CC      net/netfilter/xt_tcpudp.o
  CC      net/netfilter/xt_mark.o
  CC      drivers/scsi/scsi_devinfo.o
/home/nian/CherryS-AOSP/net/ipv4/netfilter/nf_nat_irc.c: In function 'nf_nat_irc_init':
/home/nian/CherryS-AOSP/net/ipv4/netfilter/nf_nat_irc.c:85:2: warning: the comparison will always evaluate as 'true' for the address of 'help' will never be NULL [-Waddress]
  CC      net/phonet/socket.o
  CC      net/ipv6/ip6_tunnel.o
  CC      net/netfilter/xt_connmark.o
  CC      net/ipv4/netfilter/nf_nat_pptp.o
  CC [M]  drivers/net/wireless/bcmdhd/dhd_common.o
  CC      drivers/spi/spidev.o
  CC      net/netfilter/xt_CLASSIFY.o
  CC      drivers/scsi/scsi_sysctl.o
/home/nian/CherryS-AOSP/net/ipv4/netfilter/nf_nat_pptp.c: In function 'nf_nat_helper_pptp_init':
/home/nian/CherryS-AOSP/net/ipv4/netfilter/nf_nat_pptp.c:285:2: warning: the comparison will always evaluate as 'true' for the address of 'pptp_outbound_pkt' will never be NULL [-Waddress]
/home/nian/CherryS-AOSP/net/ipv4/netfilter/nf_nat_pptp.c:288:2: warning: the comparison will always evaluate as 'true' for the address of 'pptp_inbound_pkt' will never be NULL [-Waddress]
/home/nian/CherryS-AOSP/net/ipv4/netfilter/nf_nat_pptp.c:291:2: warning: the comparison will always evaluate as 'true' for the address of 'pptp_exp_gre' will never be NULL [-Waddress]
/home/nian/CherryS-AOSP/net/ipv4/netfilter/nf_nat_pptp.c:294:2: warning: the comparison will always evaluate as 'true' for the address of 'pptp_nat_expected' will never be NULL [-Waddress]
  CC      net/netfilter/xt_NFLOG.o
  CC      net/netfilter/xt_NFQUEUE.o
  LD      drivers/spi/built-in.o
  CC      drivers/scsi/scsi_proc.o
  CC      drivers/staging/staging.o
  CC      net/ipv4/netfilter/nf_nat_tftp.o
  CC      net/netfilter/xt_TPROXY.o
  CC      net/ipv6/addrconf_core.o
  CC      net/netfilter/xt_TCPMSS.o
  CC      net/phonet/datagram.o
  CC      net/ipv6/netfilter/ip6table_filter.o
  CC      drivers/staging/android/binder.o
  CC      net/netfilter/xt_TRACE.o
  CC      net/ipv6/exthdrs_core.o
/home/nian/CherryS-AOSP/net/ipv4/netfilter/nf_nat_tftp.c: In function 'nf_nat_tftp_init':
/home/nian/CherryS-AOSP/net/ipv4/netfilter/nf_nat_tftp.c:46:2: warning: the comparison will always evaluate as 'true' for the address of 'help' will never be NULL [-Waddress]
  CC      net/netfilter/xt_comment.o
  CC      drivers/scsi/scsi_trace.o
  CC      net/ipv4/netfilter/nf_nat_proto_dccp.o
  CC [M]  drivers/net/wireless/bcmdhd/dhd_custom_gpio.o
  CC      net/netfilter/xt_connbytes.o
  CC      net/ipv6/netfilter/ip6table_mangle.o
  CC      net/phonet/sysctl.o
  CC      net/ipv6/inet6_hashtables.o
  CC      drivers/staging/android/logger.o
  CC      net/netfilter/xt_connlimit.o
  CC      net/phonet/af_phonet.o
  CC      net/netfilter/xt_conntrack.o
  CC      drivers/scsi/scsi_pm.o
  CC      drivers/scsi/sd.o
  CC      net/netfilter/xt_hashlimit.o
  CC      net/ipv4/netfilter/nf_nat_proto_gre.o
  CC [M]  drivers/net/wireless/bcmdhd/dhd_custom_sec.o
  CC      drivers/staging/android/ram_console.o
  CC      net/ipv6/netfilter/ip6table_raw.o
  CC      net/netfilter/xt_helper.o
  LD      drivers/scsi/arm/built-in.o
  CC      drivers/scsi/sg.o
  CC      net/netfilter/xt_hl.o
  LD      net/ipv6/ipv6.o
  CC      drivers/staging/android/timed_output.o
  CC      net/ipv4/netfilter/nf_nat_proto_udplite.o
  CC      net/phonet/pep.o
  CC      net/phonet/pep-gprs.o
  CC [M]  drivers/net/wireless/bcmdhd/dhd_linux.o
  CC      net/ipv6/netfilter/nf_conntrack_l3proto_ipv6.o
  CC      drivers/staging/android/timed_gpio.o
  CC      net/netfilter/xt_iprange.o
  CC      net/netfilter/xt_length.o
  CC      drivers/staging/android/lowmemorykiller.o
  CC      net/netfilter/xt_limit.o
  CC [M]  drivers/net/wireless/bcmdhd/dhd_linux_sched.o
  CC      net/ipv4/netfilter/nf_nat_proto_sctp.o
  CC      net/ipv6/netfilter/nf_conntrack_proto_icmpv6.o
  CC [M]  drivers/scsi/scsi_wait_scan.o
  LD      drivers/staging/android/built-in.o
  LD      drivers/staging/generic_serial/built-in.o
  CC      drivers/staging/lz4/lz4_compress.o
  CC      net/netfilter/xt_mac.o
  CC      net/ipv6/netfilter/nf_defrag_ipv6_hooks.o
  CC      net/netfilter/xt_pkttype.o
  LD      drivers/scsi/scsi_mod.o
  CC      net/netfilter/xt_policy.o
  LD      drivers/scsi/sd_mod.o
  CC      net/ipv4/netfilter/ip_tables.o
  CC [M]  drivers/net/wireless/bcmdhd/dhd_cfg80211.o
  LD      drivers/scsi/built-in.o
  LD      net/phonet/phonet.o
  LD      net/phonet/pn_pep.o
  CC [M]  drivers/net/wireless/bcmdhd/dhd_sdio.o
  LD      net/phonet/built-in.o
  CC      net/rfkill/core.o
  CC      net/ipv4/netfilter/iptable_filter.o
  CC      net/netfilter/xt_qtaguid_print.o
  CC      net/ipv6/netfilter/nf_conntrack_reasm.o
  CC      drivers/staging/lz4/lz4_decompress.o
  CC      net/netfilter/xt_qtaguid.o
  CC      net/netfilter/xt_quota.o
  CC      net/netfilter/xt_quota2.o
  CC      net/ipv6/netfilter/ip6t_LOG.o
  LD      drivers/staging/lz4/built-in.o
  LD      net/rfkill/rfkill.o
  LD      net/rfkill/built-in.o
  CC [M]  drivers/net/wireless/bcmdhd/aiutils.o
  LD      drivers/staging/tty/built-in.o
  CC      net/sched/sch_generic.o
  CC      drivers/staging/zcache/zcache-main.o
  CC      net/ipv4/netfilter/iptable_mangle.o
  CC      net/netfilter/xt_socket.o
  LD      net/ipv4/netfilter/iptable_nat.o
  CC      net/ipv4/netfilter/iptable_raw.o
  CC      net/ipv6/netfilter/ip6t_REJECT.o
  CC      net/ipv4/netfilter/ipt_ah.o
In file included from /home/nian/CherryS-AOSP/net/ipv6/netfilter/ip6t_LOG.c:26:0:
/home/nian/CherryS-AOSP/include/net/netfilter/xt_log.h: In function 'sb_close':
/home/nian/CherryS-AOSP/include/net/netfilter/xt_log.h:50:3: warning: value computed is not used [-Wunused-value]
/home/nian/CherryS-AOSP/net/sched/sch_generic.c: In function 'dev_graft_qdisc':
/home/nian/CherryS-AOSP/net/sched/sch_generic.c:678:2: warning: the comparison will always evaluate as 'true' for the address of 'noop_qdisc' will never be NULL [-Waddress]
  CC      net/ipv4/netfilter/ipt_ecn.o
  CC      net/ipv4/netfilter/ipt_LOG.o
  LD      net/ipv6/netfilter/nf_conntrack_ipv6.o
  CC      net/ipv4/netfilter/ipt_MASQUERADE.o
  LD      net/ipv6/netfilter/nf_defrag_ipv6.o
  CC      net/ipv4/netfilter/ipt_NETMAP.o
  CC      net/ipv4/netfilter/ipt_REDIRECT.o
  CC [M]  drivers/net/wireless/bcmdhd/bcmevent.o
  CC      net/ipv4/netfilter/ipt_REJECT.o
  CC      drivers/staging/zcache/tmem.o
  LD      net/ipv6/netfilter/built-in.o
  CC      net/sched/sch_mq.o
  LD      net/ipv6/built-in.o
In file included from /home/nian/CherryS-AOSP/net/ipv4/netfilter/ipt_LOG.c:27:0:
/home/nian/CherryS-AOSP/include/net/netfilter/xt_log.h: In function 'sb_close':
/home/nian/CherryS-AOSP/include/net/netfilter/xt_log.h:50:3: warning: value computed is not used [-Wunused-value]
  CC      net/netfilter/xt_state.o
  CC [M]  drivers/net/wireless/bcmdhd/bcmutils.o
  CC      net/ipv4/netfilter/arp_tables.o
  CC      net/netfilter/xt_statistic.o
  CC [M]  drivers/net/wireless/bcmdhd/bcmwifi_channels.o
  CC      net/ipv4/netfilter/arpt_mangle.o
  CC      net/ipv4/netfilter/arptable_filter.o
  LD      drivers/staging/zcache/zcache.o
  LD      net/ipv4/netfilter/nf_conntrack_ipv4.o
  LD      drivers/staging/zcache/built-in.o
  LD      net/ipv4/netfilter/nf_nat.o
  CC      net/netfilter/xt_string.o
  CC      drivers/staging/zram/zram_drv.o
  CC [M]  drivers/net/wireless/bcmdhd/hndpmu.o
  CC      net/sched/sch_api.o
  CC      net/netfilter/xt_time.o
  CC      net/netfilter/xt_u32.o
  LD      net/netfilter/netfilter.o
  CC      net/sched/sch_blackhole.o
  CC      net/sched/cls_api.o
  CC      net/sched/act_api.o
  CC [M]  drivers/net/wireless/bcmdhd/linux_osl.o
  CC [M]  drivers/net/wireless/bcmdhd/sbutils.o
  CC      net/sched/act_police.o
  CC      drivers/staging/zram/zram_sysfs.o
  CC [M]  drivers/net/wireless/bcmdhd/siutils.o
  LD      net/netfilter/built-in.o
  CC [M]  drivers/net/wireless/bcmdhd/wl_android.o
  CC      net/sched/act_gact.o
  LD      net/ipv4/netfilter/built-in.o
  LD      net/ipv4/built-in.o
  CC      drivers/staging/zram/xvmalloc.o
  CC      net/sunrpc/clnt.o
  CC      net/sched/act_mirred.o
  CC      net/sched/sch_fifo.o
  CC [M]  drivers/net/wireless/bcmdhd/wl_cfg80211.o
  CC      net/unix/af_unix.o
  CC      net/sched/sch_htb.o
  CC      net/sched/sch_ingress.o
  CC [M]  drivers/net/wireless/bcmdhd/wl_cfgp2p.o
  LD      drivers/staging/zram/zram.o
  CC      net/sched/cls_u32.o
  LD      drivers/staging/zram/built-in.o
  LD      drivers/staging/built-in.o
  CC      drivers/switch/switch_class.o
/home/nian/CherryS-AOSP/drivers/net/wireless/bcmdhd/wl_cfg80211.c:276:7: warning: multi-line comment [-Wcomment]
/home/nian/CherryS-AOSP/drivers/net/wireless/bcmdhd/wl_cfg80211.c:6112:7: warning: multi-line comment [-Wcomment]
/home/nian/CherryS-AOSP/drivers/net/wireless/bcmdhd/wl_cfg80211.c:6637:7: warning: multi-line comment [-Wcomment]
/home/nian/CherryS-AOSP/drivers/net/wireless/bcmdhd/wl_cfg80211.c: In function 'wl_setup_wiphy':
/home/nian/CherryS-AOSP/drivers/net/wireless/bcmdhd/wl_cfg80211.c:6728:7: warning: multi-line comment [-Wcomment]
  CC      drivers/switch/switch_gpio.o
  CC      net/sched/ematch.o
/home/nian/CherryS-AOSP/drivers/net/wireless/bcmdhd/wl_cfg80211.c: At top level:
/home/nian/CherryS-AOSP/drivers/net/wireless/bcmdhd/wl_cfg80211.c:11076:7: warning: multi-line comment [-Wcomment]
  CC      net/sched/em_u32.o
  CC      net/unix/garbage.o
  CC [M]  drivers/net/wireless/bcmdhd/wldev_common.o
  CC      net/sunrpc/xprt.o
  LD      drivers/switch/built-in.o
  CC      drivers/thermal/thermal_sys.o
  CC      drivers/tty/tty_io.o
  CC      drivers/tty/n_tty.o
  CC      net/sunrpc/socklib.o
  CC      net/sunrpc/xprtsock.o
  CC      net/unix/sysctl_net_unix.o
  LD      net/sched/built-in.o
  CC      net/sunrpc/sched.o
  CC [M]  drivers/net/wireless/bcmdhd/wl_linux_mon.o
  CC      net/wireless/core.o
  CC [M]  drivers/net/wireless/bcmdhd/wl_roam.o
  LD      drivers/thermal/built-in.o
  LD      net/unix/unix.o
  LD      net/unix/built-in.o
  CC      net/xfrm/xfrm_policy.o
  CC      drivers/usb/class/usblp.o
  CC      net/sunrpc/auth.o
  CC      net/sunrpc/auth_null.o
  CC      drivers/tty/tty_ioctl.o
  CC      net/sunrpc/auth_unix.o
  CC      drivers/tty/tty_ldisc.o
  CC      drivers/tty/tty_buffer.o
  CC      net/sunrpc/auth_generic.o
  CC      net/wireless/sysfs.o
  CC      net/sunrpc/svc.o
  CC      net/sunrpc/svcsock.o
  LD      drivers/usb/class/built-in.o
  CC      drivers/usb/core/usb.o
  CC      net/sunrpc/svcauth.o
  CC      drivers/tty/tty_port.o
  CC      net/sunrpc/svcauth_unix.o
  CC      drivers/tty/tty_mutex.o
  CC      drivers/tty/pty.o
  CC      net/wireless/radiotap.o
  CC      net/sunrpc/addr.o
  CC      drivers/tty/tty_audit.o
  CC      net/sunrpc/rpcb_clnt.o
  CC      drivers/usb/core/hub.o
  CC      drivers/tty/sysrq.o
  LD      drivers/tty/ipwireless/built-in.o
  CC      drivers/tty/serial/serial_core.o
  CC      net/xfrm/xfrm_state.o
  CC      net/sunrpc/timer.o
  CC      net/wireless/util.o
  CC      drivers/tty/vt/vt_ioctl.o
  CC      net/sunrpc/xdr.o
  CC      net/sunrpc/sunrpc_syms.o
  CC      net/sunrpc/cache.o
  CC      net/sunrpc/rpc_pipe.o
  CC      net/sunrpc/svc_xprt.o
  CC      net/wireless/reg.o
  CC      net/sunrpc/backchannel_rqst.o
  CC      drivers/tty/serial/8250.o
  CC      net/sunrpc/bc_svc.o
  CC      net/wireless/scan.o
  CC      drivers/tty/vt/vc_screen.o
  CC      net/sunrpc/stats.o
  CC      drivers/usb/core/hcd.o
  CC      net/xfrm/xfrm_hash.o
  CC      net/xfrm/xfrm_input.o
  CC      net/sunrpc/sysctl.o
  CC      net/sunrpc/auth_gss/auth_gss.o
  CC      net/xfrm/xfrm_output.o
  CC      net/xfrm/xfrm_algo.o
  CC      drivers/tty/vt/selection.o
  CC      drivers/tty/serial/samsung.o
  CC      net/wireless/nl80211.o
  CC      net/wireless/mlme.o
  CC      net/wireless/ibss.o
  CC      drivers/usb/core/urb.o
  CC      net/wireless/sme.o
  LD [M]  drivers/net/wireless/bcmdhd/dhd.o
  LD      drivers/net/wireless/built-in.o
  LD      drivers/net/built-in.o
  CC      drivers/tty/vt/keyboard.o
  CC      drivers/video/fb_notify.o
  CC      net/xfrm/xfrm_sysctl.o
  CC      net/xfrm/xfrm_replay.o
  CC      drivers/tty/serial/s5pv210.o
  CC      drivers/usb/core/message.o
  CC      net/xfrm/xfrm_ipcomp.o
  CC      net/sunrpc/auth_gss/gss_generic_token.o
  CC      drivers/video/fbmem.o
  LD      drivers/tty/serial/built-in.o
  CC      drivers/video/fbmon.o
  CC      net/wireless/chan.o
  CC      net/wireless/ethtool.o
  CC      net/sunrpc/auth_gss/gss_mech_switch.o
  CC      net/sunrpc/auth_gss/svcauth_gss.o
  CC      net/wireless/mesh.o
  CC      drivers/tty/vt/consolemap.o
  CONMK   drivers/tty/vt/consolemap_deftbl.c
  CC      drivers/tty/vt/vt.o
  CC      drivers/video/fbcmap.o
  CC      drivers/usb/core/driver.o
  CC      drivers/usb/core/config.o
  CC      net/wireless/wext-compat.o
  LD      net/xfrm/built-in.o
  CC      net/sysctl_net.o
  CC      drivers/video/fbsysfs.o
  CC      net/wireless/wext-sme.o
  SHIPPED drivers/tty/vt/defkeymap.c
  CC      drivers/tty/vt/consolemap_deftbl.o
  CC      drivers/tty/vt/defkeymap.o
  CC      net/wireless/wext-core.o
  CC      net/wireless/wext-proc.o
  CC      drivers/video/modedb.o
  LD      net/sunrpc/auth_gss/auth_rpcgss.o
  LD      net/sunrpc/auth_gss/built-in.o
  LD      net/sunrpc/sunrpc.o
  CC      drivers/usb/core/file.o
  CC      drivers/usb/core/buffer.o
  LD      net/sunrpc/built-in.o
  CC      drivers/video/fbcvt.o
  CC      net/activity_stats.o
  CC      drivers/usb/core/sysfs.o
  CC      drivers/usb/core/endpoint.o
  CC      drivers/watchdog/s3c2410_wdt.o
  CC      drivers/video/backlight/lcd.o
  CC      drivers/usb/core/devio.o
  CC      drivers/usb/core/notify.o
  CC      drivers/video/console/dummycon.o
  CC      drivers/usb/core/generic.o
  LD      drivers/video/display/built-in.o
  CC      drivers/usb/core/quirks.o
  LD      drivers/video/omap2/displays/built-in.o
  LD      drivers/video/omap2/built-in.o
  CC      drivers/video/samsung/s3cfb_main.o
  CC      drivers/usb/core/devices.o
  LD      drivers/watchdog/built-in.o
  CC      drivers/video/samsung_extdisp/s3cfb_extdsp_main.o
  CC      drivers/video/samsung_extdisp/s3cfb_extdsp_ops.o
  LD      drivers/video/console/built-in.o
  CC      drivers/usb/core/inode.o
  CC      drivers/video/cfbfillrect.o
  CC      drivers/video/backlight/backlight.o
  CC      drivers/video/samsung/s3cfb_ops.o
  CC      drivers/video/samsung/lcdfreq.o
  LD      drivers/tty/vt/built-in.o
  LD      drivers/tty/built-in.o
  CC      drivers/video/cfbcopyarea.o
/home/nian/CherryS-AOSP/drivers/video/samsung/s3cfb_ops.c: In function 's3c_fb_set_win_buffer':
/home/nian/CherryS-AOSP/drivers/video/samsung/s3cfb_ops.c:1584:6: warning: unused variable 'ret' [-Wunused-variable]
/home/nian/CherryS-AOSP/drivers/video/samsung/s3cfb_ops.c:1582:27: warning: unused variable 'prev_var' [-Wunused-variable]
/home/nian/CherryS-AOSP/drivers/video/samsung/s3cfb_ops.c:1581:27: warning: unused variable 'prev_fix' [-Wunused-variable]
/home/nian/CherryS-AOSP/drivers/video/samsung/s3cfb_ops.c: In function 's3cfb_ioctl':
/home/nian/CherryS-AOSP/drivers/video/samsung/s3cfb_ops.c:1760:20: warning: unused variable 'lcd' [-Wunused-variable]
  CC      drivers/video/cfbimgblt.o
  CC      drivers/video/samsung/s3cfb_fimd6x.o
  CC      drivers/video/samsung/s3cfb_mdnie.o
  LD      drivers/video/backlight/built-in.o
  CC      drivers/video/samsung/s3cfb_ielcd.o
  LD      drivers/video/fb.o
  LD      net/wireless/cfg80211.o
  LD      drivers/usb/core/usbcore.o
  CC      drivers/usb/gadget/s3c_udc_otg.o
  CC      drivers/video/samsung/mdnie.o
  CC      drivers/video/samsung/mdnie_tunning.o
  LD      net/wireless/built-in.o
  LD      drivers/usb/core/built-in.o
  LD      drivers/video/samsung_extdisp/s3cfb_extdsp.o
  LD      drivers/video/samsung_extdisp/built-in.o
  CC      drivers/video/samsung/s3cfb_s6e8aa0.o
  LD      net/built-in.o
  CC      drivers/usb/host/ehci-hcd.o
/home/nian/CherryS-AOSP/drivers/video/samsung/mdnie.c: In function 'set_mdnie_value':
/home/nian/CherryS-AOSP/drivers/video/samsung/mdnie.c:198:6: warning: comparison between 'enum SCENARIO' and 'enum SCENARIO_COLOR_TONE' [-Wenum-compare]
/home/nian/CherryS-AOSP/drivers/video/samsung/mdnie.c:198:6: warning: comparison between 'enum SCENARIO' and 'enum SCENARIO_COLOR_TONE' [-Wenum-compare]
  CC      drivers/usb/host/ohci-hcd.o
  CC      drivers/video/samsung/smart_dimming.o
  CC      drivers/video/samsung/s5p_dsim_lowlevel.o
/home/nian/CherryS-AOSP/drivers/video/samsung/s3cfb_s6e8aa0.c: In function 's6e8ax0_check_fb':
/home/nian/CherryS-AOSP/drivers/video/samsung/s3cfb_s6e8aa0.c:1074:19: warning: unused variable 'lcd' [-Wunused-variable]
/home/nian/CherryS-AOSP/drivers/video/samsung/s3cfb_s6e8aa0.c:1073:23: warning: unused variable 'win' [-Wunused-variable]
  CC      drivers/video/samsung/s5p-dsim.o
  LD      drivers/video/samsung/s3cfb.o
  CC      drivers/usb/misc/diag_bridge.o
  CC      drivers/usb/gadget/android.o
  CC      drivers/usb/mon/mon_main.o
  CC      drivers/usb/mon/mon_stat.o
In file included from /home/nian/CherryS-AOSP/drivers/usb/host/ehci-hcd.c:1351:0:
/home/nian/CherryS-AOSP/drivers/usb/host/ehci-s5p.c: In function 's5p_wait_for_cp_resume':
/home/nian/CherryS-AOSP/drivers/usb/host/ehci-s5p.c:136:28: warning: unused variable 'pdata' [-Wunused-variable]
In file included from /home/nian/CherryS-AOSP/drivers/usb/host/ohci-hcd.c:101:0:
/home/nian/CherryS-AOSP/drivers/usb/host/ohci-dbg.c: In function 'fill_registers_buffer':
/home/nian/CherryS-AOSP/drivers/usb/host/ohci-dbg.c:642:2: warning: the comparison will always evaluate as 'true' for the address of 'next' will never be NULL [-Waddress]
/home/nian/CherryS-AOSP/drivers/usb/host/ohci-dbg.c:661:3: warning: the comparison will always evaluate as 'true' for the address of 'next' will never be NULL [-Waddress]
/home/nian/CherryS-AOSP/drivers/usb/misc/diag_bridge.c: In function 'read_hsic_cb':
/home/nian/CherryS-AOSP/drivers/usb/misc/diag_bridge.c:123:26: warning: unused variable 'cbs' [-Wunused-variable]
  CC      drivers/usb/mon/mon_text.o
  CC      drivers/usb/mon/mon_bin.o
  CC      drivers/usb/notify/host_notify_class.o
  CC      drivers/usb/misc/mdm_ctrl_bridge.o
  CC      drivers/usb/misc/mdm_data_bridge.o
  CC      drivers/usb/notify/host_notifier.o
In file included from /home/nian/CherryS-AOSP/drivers/usb/gadget/android.c:65:0:
/home/nian/CherryS-AOSP/drivers/usb/gadget/f_diag.c: In function 'usb_config_work_func':
/home/nian/CherryS-AOSP/drivers/usb/gadget/f_diag.c:145:21: warning: unused variable 's' [-Wunused-variable]
/home/nian/CherryS-AOSP/drivers/usb/gadget/f_diag.c:144:29: warning: unused variable 'table' [-Wunused-variable]
/home/nian/CherryS-AOSP/drivers/usb/gadget/f_diag.c:143:28: warning: unused variable 'cdev' [-Wunused-variable]
  CC      drivers/usb/serial/usb-serial.o
/home/nian/CherryS-AOSP/drivers/usb/gadget/android.c: In function 'diag_function_bind_config':
/home/nian/CherryS-AOSP/drivers/usb/gadget/android.c:987:6: warning: unused variable 'once' [-Wunused-variable]
  CC      drivers/usb/serial/generic.o
  CC      drivers/usb/serial/bus.o
  LD      drivers/video/samsung/built-in.o
  LD      drivers/video/built-in.o
  CC      drivers/usb/serial/pl2303.o
  LD      drivers/usb/notify/built-in.o
  CC      drivers/usb/serial/qcserial.o
  CC      drivers/usb/storage/scsiglue.o
  LD      drivers/usb/mon/usbmon.o
  LD      drivers/usb/mon/built-in.o
  CC      drivers/usb/storage/protocol.o
  CC      drivers/usb/serial/usb_wwan.o
  CC      drivers/usb/serial/csvt.o
  CC      drivers/usb/storage/transport.o
  CC      drivers/usb/storage/usb.o
  CC      drivers/usb/storage/initializers.o
  LD      drivers/usb/misc/mdm_bridge.o
  LD      drivers/usb/misc/built-in.o
  CC      drivers/usb/storage/sierra_ms.o
  CC      drivers/usb/storage/option_ms.o
  CC      drivers/usb/storage/usual-tables.o
  LD      drivers/usb/serial/usbserial.o
  LD      drivers/usb/serial/built-in.o
  LD      drivers/usb/host/built-in.o
  LD      drivers/usb/storage/usb-storage.o
  LD      drivers/usb/storage/built-in.o
  LD      drivers/usb/gadget/g_android.o
  LD      drivers/usb/gadget/built-in.o
  LD      drivers/usb/built-in.o
  LD      drivers/built-in.o
  LD      vmlinux.o
  MODPOST vmlinux.o
  GEN     .version
  CHK     include/generated/compile.h
  LD      .tmp_vmlinux1
  KSYM    .tmp_kallsyms1.S
  AS      .tmp_kallsyms1.o
  LD      .tmp_vmlinux2
  KSYM    .tmp_kallsyms2.S
  AS      .tmp_kallsyms2.o
  LD      vmlinux
  SYSMAP  System.map
  SYSMAP  .tmp_System.map
  OBJCOPY arch/arm/boot/Image
  Building modules, stage 2.
  Kernel: arch/arm/boot/Image is ready
  MODPOST 10 modules
  AS      arch/arm/boot/compressed/head.o
  GZIP    arch/arm/boot/compressed/piggy.gzip
  CC      arch/arm/boot/compressed/misc.o
  CC      arch/arm/boot/compressed/decompress.o
  SHIPPED arch/arm/boot/compressed/lib1funcs.S
  AS      arch/arm/boot/compressed/lib1funcs.o
  AS      arch/arm/boot/compressed/piggy.gzip.o
  CC      arch/arm/mvp/commkm/commkm.mod.o
  CC      arch/arm/mvp/mvpkm/mvpkm.mod.o
  CC      arch/arm/mvp/pvtcpkm/pvtcpkm.mod.o
  CC      crypto/md4.mod.o
  CC      drivers/net/wireless/bcmdhd/dhd.mod.o
  CC      drivers/net/wireless/btlock/btlock.mod.o
  CC      drivers/scsi/scsi_wait_scan.mod.o
  CC      fs/cifs/cifs.mod.o
  CC      fs/exfat/exfat_core.mod.o
  CC      fs/exfat/exfat_fs.mod.o
  LD      arch/arm/boot/compressed/vmlinux
  OBJCOPY arch/arm/boot/zImage
  Kernel: arch/arm/boot/zImage is ready
  LD [M]  fs/exfat/exfat_core.ko
  LD [M]  arch/arm/mvp/mvpkm/mvpkm.ko
  LD [M]  drivers/net/wireless/btlock/btlock.ko
  LD [M]  arch/arm/mvp/pvtcpkm/pvtcpkm.ko
  LD [M]  crypto/md4.ko
  LD [M]  drivers/scsi/scsi_wait_scan.ko
  LD [M]  arch/arm/mvp/commkm/commkm.ko
  LD [M]  fs/cifs/cifs.ko
  LD [M]  fs/exfat/exfat_fs.ko
  LD [M]  drivers/net/wireless/bcmdhd/dhd.ko
